Component: ARM Compiler 5.06 update 6 (build 750) Tool: armlink [4d35ed]

==============================================================================

Section Cross References

    stm32f10x_it.o(i.EXTI0_IRQHandler) refers to stm32f10x_exti.o(i.EXTI_GetITStatus) for EXTI_GetITStatus
    stm32f10x_it.o(i.EXTI0_IRQHandler) refers to stm32f10x_exti.o(i.EXTI_ClearITPendingBit) for EXTI_ClearITPendingBit
    stm32f10x_it.o(i.EXTI0_IRQHandler) refers to stm32f10x_it.o(.data) for Move_gewei
    system_stm32f10x.o(i.SetSysClock) refers to system_stm32f10x.o(i.SetSysClockTo72) for SetSysClockTo72
    system_stm32f10x.o(i.SystemCoreClockUpdate) refers to system_stm32f10x.o(.data) for SystemCoreClock
    system_stm32f10x.o(i.SystemInit) refers to system_stm32f10x.o(i.SetSysClock) for SetSysClock
    main.o(i.heart) refers to _printf_percent.o(.ARM.Collect$$_printf_percent$$00000000) for _printf_percent
    main.o(i.heart) refers to _printf_d.o(.ARM.Collect$$_printf_percent$$00000009) for _printf_d
    main.o(i.heart) refers to _printf_dec.o(.text) for _printf_int_dec
    main.o(i.heart) refers to _printf_pad.o(.text) for _printf_pre_padding
    main.o(i.heart) refers to max30102.o(i.max30102_FIFO_ReadBytes) for max30102_FIFO_ReadBytes
    main.o(i.heart) refers to fflt_clz.o(x$fpl$ffltu) for __aeabi_ui2f
    main.o(i.heart) refers to fdiv.o(x$fpl$fdiv) for __aeabi_fdiv
    main.o(i.heart) refers to fmul.o(x$fpl$fmul) for __aeabi_fmul
    main.o(i.heart) refers to ffix.o(x$fpl$ffix) for __aeabi_f2iz
    main.o(i.heart) refers to __2sprintf.o(.text) for __2sprintf
    main.o(i.heart) refers to __2printf.o(.text) for __2printf
    main.o(i.heart) refers to usart2.o(i.u2_printf) for u2_printf
    main.o(i.heart) refers to algorithm.o(i.maxim_heart_rate_and_oxygen_saturation) for maxim_heart_rate_and_oxygen_saturation
    main.o(i.heart) refers to main.o(.data) for i
    main.o(i.heart) refers to main.o(.bss) for aun_red_buffer
    main.o(i.heart) refers to stm32f10x_it.o(.data) for Move_gewei
    main.o(i.main) refers to delay.o(i.delay_init) for delay_init
    main.o(i.main) refers to sys.o(i.NVIC_Configuration) for NVIC_Configuration
    main.o(i.main) refers to usart.o(i.uart_init) for uart_init
    main.o(i.main) refers to usart2.o(i.USART2_Init) for USART2_Init
    main.o(i.main) refers to bsp_exti.o(i.EXTI_Key_Config) for EXTI_Key_Config
    main.o(i.main) refers to max30102.o(i.max30102_init) for max30102_init
    main.o(i.main) refers to __2printf.o(.text) for __2printf
    main.o(i.main) refers to delay.o(i.delay_ms) for delay_ms
    main.o(i.main) refers to hc05.o(i.HC05_Init) for HC05_Init
    main.o(i.main) refers to hc05.o(i.HC05_Set_Cmd) for HC05_Set_Cmd
    main.o(i.main) refers to hc05.o(i.HC05_Get_Role) for HC05_Get_Role
    main.o(i.main) refers to max30102.o(i.max30102_FIFO_ReadBytes) for max30102_FIFO_ReadBytes
    main.o(i.main) refers to algorithm.o(i.maxim_heart_rate_and_oxygen_saturation) for maxim_heart_rate_and_oxygen_saturation
    main.o(i.main) refers to main.o(i.heart) for heart
    main.o(i.main) refers to main.o(.conststring) for .conststring
    main.o(i.main) refers to main.o(.data) for un_min
    main.o(i.main) refers to main.o(.bss) for aun_red_buffer
    main.o(i.main) refers to usart2.o(.data) for USART2_RX_STA
    main.o(i.main) refers to usart2.o(.bss) for USART2_RX_BUF
    startup_stm32f10x_hd.o(STACK) refers (Special) to heapauxi.o(.text) for __use_two_region_memory
    startup_stm32f10x_hd.o(HEAP) refers (Special) to heapauxi.o(.text) for __use_two_region_memory
    startup_stm32f10x_hd.o(RESET) refers (Special) to heapauxi.o(.text) for __use_two_region_memory
    startup_stm32f10x_hd.o(RESET) refers to startup_stm32f10x_hd.o(STACK) for __initial_sp
    startup_stm32f10x_hd.o(RESET) refers to startup_stm32f10x_hd.o(.text) for Reset_Handler
    startup_stm32f10x_hd.o(RESET) refers to stm32f10x_it.o(i.NMI_Handler) for NMI_Handler
    startup_stm32f10x_hd.o(RESET) refers to stm32f10x_it.o(i.HardFault_Handler) for HardFault_Handler
    startup_stm32f10x_hd.o(RESET) refers to stm32f10x_it.o(i.MemManage_Handler) for MemManage_Handler
    startup_stm32f10x_hd.o(RESET) refers to stm32f10x_it.o(i.BusFault_Handler) for BusFault_Handler
    startup_stm32f10x_hd.o(RESET) refers to stm32f10x_it.o(i.UsageFault_Handler) for UsageFault_Handler
    startup_stm32f10x_hd.o(RESET) refers to stm32f10x_it.o(i.SVC_Handler) for SVC_Handler
    startup_stm32f10x_hd.o(RESET) refers to stm32f10x_it.o(i.DebugMon_Handler) for DebugMon_Handler
    startup_stm32f10x_hd.o(RESET) refers to stm32f10x_it.o(i.PendSV_Handler) for PendSV_Handler
    startup_stm32f10x_hd.o(RESET) refers to stm32f10x_it.o(i.SysTick_Handler) for SysTick_Handler
    startup_stm32f10x_hd.o(RESET) refers to stm32f10x_it.o(i.EXTI0_IRQHandler) for EXTI0_IRQHandler
    startup_stm32f10x_hd.o(RESET) refers to usart2.o(i.TIM4_IRQHandler) for TIM4_IRQHandler
[...]
    CL$$btod_emul                            0x08001676   Section       42  btod.o(CL$$btod_emul)
    CL$$btod_mult_common                     0x080016a0   Section      580  btod.o(CL$$btod_mult_common)
    i.BusFault_Handler                       0x080018e4   Section        0  stm32f10x_it.o(i.BusFault_Handler)
    i.DMA_Cmd                                0x080018e8   Section        0  stm32f10x_dma.o(i.DMA_Cmd)
    i.DMA_DeInit                             0x08001900   Section        0  stm32f10x_dma.o(i.DMA_DeInit)
    i.DMA_GetCurrDataCounter                 0x08001a4c   Section        0  stm32f10x_dma.o(i.DMA_GetCurrDataCounter)
    i.DMA_Init                               0x08001a54   Section        0  stm32f10x_dma.o(i.DMA_Init)
    i.DMA_SetCurrDataCounter                 0x08001a90   Section        0  stm32f10x_dma.o(i.DMA_SetCurrDataCounter)
    i.DebugMon_Handler                       0x08001a94   Section        0  stm32f10x_it.o(i.DebugMon_Handler)
    i.EXTI0_IRQHandler                       0x08001a98   Section        0  stm32f10x_it.o(i.EXTI0_IRQHandler)
    i.EXTI_ClearITPendingBit                 0x08001b44   Section        0  stm32f10x_exti.o(i.EXTI_ClearITPendingBit)
    i.EXTI_GetITStatus                       0x08001b50   Section        0  stm32f10x_exti.o(i.EXTI_GetITStatus)
    i.EXTI_Init                              0x08001b78   Section        0  stm32f10x_exti.o(i.EXTI_Init)
    i.EXTI_Key_Config                        0x08001c0c   Section        0  bsp_exti.o(i.EXTI_Key_Config)
    i.GPIO_EXTILineConfig                    0x08001c58   Section        0  stm32f10x_gpio.o(i.GPIO_EXTILineConfig)
    i.GPIO_Init                              0x08001c98   Section        0  stm32f10x_gpio.o(i.GPIO_Init)
    i.GPIO_SetBits                           0x08001dae   Section        0  stm32f10x_gpio.o(i.GPIO_SetBits)
    i.HC05_Get_Role                          0x08001db4   Section        0  hc05.o(i.HC05_Get_Role)
    i.HC05_Init                              0x08001e48   Section        0  hc05.o(i.HC05_Init)
    i.HC05_Set_Cmd                           0x08001ea0   Section        0  hc05.o(i.HC05_Set_Cmd)
    i.HardFault_Handler                      0x08001f38   Section        0  stm32f10x_it.o(i.HardFault_Handler)
    i.IIC_Ack                                0x08001f3c   Section        0  myiic.o(i.IIC_Ack)
    i.IIC_Init                               0x08001f8c   Section        0  myiic.o(i.IIC_Init)
    i.IIC_NAck                               0x08001fcc   Section        0  myiic.o(i.IIC_NAck)
    i.IIC_Read_Byte                          0x0800201c   Section        0  myiic.o(i.IIC_Read_Byte)
    i.IIC_Send_Byte                          0x0800208c   Section        0  myiic.o(i.IIC_Send_Byte)
    i.IIC_Start                              0x080020f4   Section        0  myiic.o(i.IIC_Start)
    i.IIC_Stop                               0x08002140   Section        0  myiic.o(i.IIC_Stop)
    i.IIC_Wait_Ack                           0x0800218c   Section        0  myiic.o(i.IIC_Wait_Ack)
    i.MemManage_Handler                      0x080021f0   Section        0  stm32f10x_it.o(i.MemManage_Handler)
    i.NMI_Handler                            0x080021f4   Section        0  stm32f10x_it.o(i.NMI_Handler)
    i.NVIC_Configuration                     0x080021f6   Section        0  sys.o(i.NVIC_Configuration)
    i.NVIC_Configuration                     0x08002202   Section        0  bsp_exti.o(i.NVIC_Configuration)
    NVIC_Configuration                       0x08002203   Thumb Code    44  bsp_exti.o(i.NVIC_Configuration)
    i.NVIC_Init                              0x08002230   Section        0  misc.o(i.NVIC_Init)
    i.NVIC_PriorityGroupConfig               0x080022a0   Section        0  misc.o(i.NVIC_PriorityGroupConfig)
    i.PendSV_Handler                         0x080022b4   Section        0  stm32f10x_it.o(i.PendSV_Handler)
    i.RCC_AHBPeriphClockCmd                  0x080022b8   Section        0  stm32f10x_rcc.o(i.RCC_AHBPeriphClockCmd)
    i.RCC_APB1PeriphClockCmd                 0x080022d8   Section        0  stm32f10x_rcc.o(i.RCC_APB1PeriphClockCmd)
    i.RCC_APB1PeriphResetCmd                 0x080022f8   Section        0  stm32f10x_rcc.o(i.RCC_APB1PeriphResetCmd)
    i.RCC_APB2PeriphClockCmd                 0x08002318   Section        0  stm32f10x_rcc.o(i.RCC_APB2PeriphClockCmd)
    i.RCC_APB2PeriphResetCmd                 0x08002338   Section        0  stm32f10x_rcc.o(i.RCC_APB2PeriphResetCmd)
    i.RCC_GetClocksFreq                      0x08002358   Section        0  stm32f10x_rcc.o(i.RCC_GetClocksFreq)
    i.SVC_Handler                            0x0800242c   Section        0  stm32f10x_it.o(i.SVC_Handler)
    i.SetSysClock                            0x0800242e   Section        0  system_stm32f10x.o(i.SetSysClock)
    SetSysClock                              0x0800242f   Thumb Code     8  system_stm32f10x.o(i.SetSysClock)
    i.SetSysClockTo72                        0x08002438   Section        0  system_stm32f10x.o(i.SetSysClockTo72)
    SetSysClockTo72                          0x08002439   Thumb Code   214  system_stm32f10x.o(i.SetSysClockTo72)
    i.SysTick_CLKSourceConfig                0x08002518   Section        0  misc.o(i.SysTick_CLKSourceConfig)
    i.SysTick_Handler                        0x08002540   Section        0  stm32f10x_it.o(i.SysTick_Handler)
    i.SystemInit                             0x08002544   Section        0  system_stm32f10x.o(i.SystemInit)
    i.TIM4_IRQHandler                        0x080025a4   Section        0  usart2.o(i.TIM4_IRQHandler)
    i.TIM4_Init                              0x080025d4   Section        0  usart2.o(i.TIM4_Init)
    i.TIM4_Set                               0x0800262c   Section        0  usart2.o(i.TIM4_Set)
    i.TIM_ClearITPendingBit                  0x08002654   Section        0  stm32f10x_tim.o(i.TIM_ClearITPendingBit)
    i.TIM_Cmd                                0x0800265a   Section        0  stm32f10x_tim.o(i.TIM_Cmd)
    i.TIM_GetITStatus                        0x08002672   Section        0  stm32f10x_tim.o(i.TIM_GetITStatus)
    i.TIM_ITConfig                           0x08002694   Section        0  stm32f10x_tim.o(i.TIM_ITConfig)
    i.TIM_SetCounter                         0x080026a6   Section        0  stm32f10x_tim.o(i.TIM_SetCounter)
    i.TIM_TimeBaseInit                       0x080026ac   Section        0  stm32f10x_tim.o(i.TIM_TimeBaseInit)
    i.UART_DMA_Config                        0x08002750   Section        0  usart2.o(i.UART_DMA_Config)
    i.UART_DMA_Enable                        0x08002798   Section        0  usart2.o(i.UART_DMA_Enable)
    i.USART1_IRQHandler                      0x080027b8   Section        0  usart.o(i.USART1_IRQHandler)
    i.USART2_IRQHandler                      0x08002840   Section        0  usart2.o(i.USART2_IRQHandler)
    i.USART2_Init                            0x080028a4   Section        0  usart2.o(i.USART2_Init)
    i.USART_Cmd                              0x08002994   Section        0  stm32f10x_usart.o(i.USART_Cmd)
    i.USART_DMACmd                           0x080029ac   Section        0  stm32f10x_usart.o(i.USART_DMACmd)
    i.USART_DeInit                           0x080029c0   Section        0  stm32f10x_usart.o(i.USART_DeInit)
    i.USART_GetITStatus                      0x08002a5c   Section        0  stm32f10x_usart.o(i.USART_GetITStatus)
    i.USART_ITConfig                         0x08002ab0   Section        0  stm32f10x_usart.o(i.USART_ITConfig)
    i.USART_Init                             0x08002afc   Section        0  stm32f10x_usart.o(i.USART_Init)
    i.USART_ReceiveData                      0x08002bd4   Section        0  stm32f10x_usart.o(i.USART_ReceiveData)
    i.UsageFault_Handler                     0x08002bde   Section        0  stm32f10x_it.o(i.UsageFault_Handler)
    i.__ARM_fpclassify                       0x08002be2   Section        0  fpclassify.o(i.__ARM_fpclassify)
    i._is_digit                              0x08002c0a   Section        0  __printf_wp.o(i._is_digit)
    i._sys_exit                              0x08002c18   Section        0  usart.o(i._sys_exit)
    i.delay_init                             0x08002c20   Section        0  delay.o(i.delay_init)
    i.delay_ms                               0x08002c64   Section        0  delay.o(i.delay_ms)
    i.delay_us                               0x08002cb0   Section        0  delay.o(i.delay_us)
    i.fputc                                  0x08002cfc   Section        0  usart.o(i.fputc)
    i.heart                                  0x08002d18   Section        0  main.o(i.heart)
    i.main                                   0x080030e4   Section        0  main.o(i.main)
    i.max30102_Bus_Read                      0x08003584   Section        0  max30102.o(i.max30102_Bus_Read)
    i.max30102_Bus_Write                     0x080035d6   Section        0  max30102.o(i.max30102_Bus_Write)
    i.max30102_FIFO_ReadBytes                0x0800361a   Section        0  max30102.o(i.max30102_FIFO_ReadBytes)
    i.max30102_init                          0x0800369c   Section        0  max30102.o(i.max30102_init)
    i.max30102_reset                         0x08003724   Section        0  max30102.o(i.max30102_reset)
    i.maxim_find_peaks                       0x08003738   Section        0  algorithm.o(i.maxim_find_peaks)
    i.maxim_heart_rate_and_oxygen_saturation 0x0800377c   Section        0  algorithm.o(i.maxim_heart_rate_and_oxygen_saturation)
    i.maxim_peaks_above_min_height           0x08003c7c   Section        0  algorithm.o(i.maxim_peaks_above_min_height)
    i.maxim_remove_close_peaks               0x08003cf6   Section        0  algorithm.o(i.maxim_remove_close_peaks)
    i.maxim_sort_ascend                      0x08003d68   Section        0  algorithm.o(i.maxim_sort_ascend)
    i.maxim_sort_indices_descend             0x08003d9e   Section        0  algorithm.o(i.maxim_sort_indices_descend)
    i.u2_printf                              0x08003de0   Section        0  usart2.o(i.u2_printf)
    i.uart_init                              0x08003e20   Section        0  usart.o(i.uart_init)
    locale$$code                             0x08003ec8   Section       44  lc_numeric_c.o(locale$$code)
    locale$$code                             0x08003ef4   Section       44  lc_ctype_c.o(locale$$code)
    x$fpl$fdiv                               0x08003f20   Section      388  fdiv.o(x$fpl$fdiv)
    _fdiv1                                   0x08003f21   Thumb Code     0  fdiv.o(x$fpl$fdiv)
    x$fpl$ffix                               0x080040a4   Section       54  ffix.o(x$fpl$ffix)
    x$fpl$ffltu                              0x080040dc   Section       38  fflt_clz.o(x$fpl$ffltu)
    x$fpl$fmul                               0x08004104   Section      258  fmul.o(x$fpl$fmul)
    x$fpl$fnaninf                            0x08004206   Section      140  fnaninf.o(x$fpl$fnaninf)
    x$fpl$fretinf                            0x08004292   Section       10  fretinf.o(x$fpl$fretinf)
    x$fpl$printf1                            0x0800429c   Section        4  printf1.o(x$fpl$printf1)
    .constdata                               0x080042a0   Section      246  algorithm.o(.constdata)
    x$fpl$usenofp                            0x080042a0   Section        0  usenofp.o(x$fpl$usenofp)
    .constdata                               0x08004396   Section       17  __printf_flags_ss_wp.o(.constdata)
    maptable                                 0x08004396   Data          17  __printf_flags_ss_wp.o(.constdata)
    .constdata                               0x080043a8   Section        8  _printf_wctomb.o(.constdata)
    initial_mbstate                          0x080043a8   Data           8  _printf_wctomb.o(.constdata)
    .constdata                               0x080043b0   Section       40  _printf_hex_int_ll_ptr.o(.constdata)
    uc_hextab                                0x080043b0   Data          20  _printf_hex_int_ll_ptr.o(.constdata)
    lc_hextab                                0x080043c4   Data          20  _printf_hex_int_ll_ptr.o(.constdata)
    .constdata                               0x080043d8   Section      148  bigflt0.o(.constdata)
    tenpwrs_x                                0x080043d8   Data          60  bigflt0.o(.constdata)
    tenpwrs_i                                0x08004414   Data          64  bigflt0.o(.constdata)
    .conststring                             0x0800446c   Section       73  main.o(.conststring)
    locale$$data                             0x080044d8   Section       28  lc_numeric_c.o(locale$$data)
    __lcnum_c_name                           0x080044dc   Data           2  lc_numeric_c.o(locale$$data)
    __lcnum_c_start                          0x080044e4   Data           0  lc_numeric_c.o(locale$$data)
    __lcnum_c_point                          0x080044f0   Data           0  lc_numeric_c.o(locale$$data)
    __lcnum_c_thousands                      0x080044f2   Data           0  lc_numeric_c.o(locale$$data)
    __lcnum_c_grouping                       0x080044f3   Data           0  lc_numeric_c.o(locale$$data)
    locale$$data                             0x080044f4   Section      272  lc_ctype_c.o(locale$$data)
    __lcnum_c_end                            0x080044f4   Data           0  lc_numeric_c.o(locale$$data)
    __lcctype_c_name                         0x080044f8   Data           2  lc_ctype_c.o(locale$$data)
    __lcctype_c_start                        0x08004500   Data           0  lc_ctype_c.o(locale$$data)
    __lcctype_c_end                          0x08004604   Data           0  lc_ctype_c.o(locale$$data)
    .data                                    0x20000000   Section       20  stm32f10x_it.o(.data)
    .data                                    0x20000014   Section       20  system_stm32f10x.o(.data)
    .data                                    0x20000028   Section       61  main.o(.data)
    .data                                    0x20000066   Section        4  delay.o(.data)
    fac_us                                   0x20000066   Data           1  delay.o(.data)
    fac_ms                                   0x20000068   Data           2  delay.o(.data)
    .data                                    0x2000006c   Section        6  usart.o(.data)
    .data                                    0x20000072   Section       20  stm32f10x_rcc.o(.data)
    APBAHBPrescTable                         0x20000072   Data          16  stm32f10x_rcc.o(.data)
    ADCPrescTable                            0x20000082   Data           4  stm32f10x_rcc.o(.data)
    .data                                    0x20000086   Section        2  usart2.o(.data)
    .bss                                     0x20000088   Section     4100  main.o(.bss)
    .bss                                     0x2000108c   Section      200  usart.o(.bss)
    .bss                                     0x20001158   Section      400  usart2.o(.bss)
    .bss                                     0x200012e8   Section     5984  algorithm.o(.bss)
    an_dx                                    0x200012e8   Data        1984  algorithm.o(.bss)
    an_x                                     0x20001aa8   Data        2000  algorithm.o(.bss)
    an_y                                     0x20002278   Data        2000  algorithm.o(.bss)
    .bss                                     0x20002a48   Section       96  libspace.o(.bss)
    HEAP                                     0x20002aa8   Section      512  startup_stm32f10x_hd.o(HEAP)
    Heap_Mem                                 0x20002aa8   Data         512  startup_stm32f10x_hd.o(HEAP)
    STACK                                    0x20002ca8   Section     1024  startup_stm32f10x_hd.o(STACK)
    Stack_Mem                                0x20002ca8   Data        1024  startup_stm32f10x_hd.o(STACK)
    __initial_sp                             0x200030a8   Data           0  startup_stm32f10x_hd.o(STACK)

    Global Symbols

    Symbol Name                              Value     Ov Type        Size  Object(Section)

    BuildAttributes$$THM_ISAv4$P$D$K$B$S$PE$A:L22UL41UL21$X:L11$S22US41US21$IEEE1$IW$USESV6$~STKCKD$USESV7$~SHL$OTIME$ROPI$IEEEJ$EBA8$UX$STANDARDLIB$REQ8$PRES8$EABIv2 0x00000000   Number         0  anon$$obj.o ABSOLUTE
    __ARM_use_no_argv                        0x00000000   Number         0  main.o ABSOLUTE
    _printf_flags                            0x00000000   Number         0  printf_stubs.o ABSOLUTE
    _printf_return_value                     0x00000000   Number         0  printf_stubs.o ABSOLUTE
    _printf_sizespec                         0x00000000   Number         0  printf_stubs.o ABSOLUTE
    _printf_widthprec                        0x00000000   Number         0  printf_stubs.o ABSOLUTE
    __ARM_exceptions_init                     - Undefined Weak Reference
    __alloca_initialize                       - Undefined Weak Reference
    __arm_preinit_                            - Undefined Weak Reference
    __cpp_initialize__aeabi_                  - Undefined Weak Reference
    __cxa_finalize                            - Undefined Weak Reference
    __sigvec_lookup                           - Undefined Weak Reference
    _atexit_init                              - Undefined Weak Reference
    _call_atexit_fns                          - Undefined Weak Reference
    _clock_init                               - Undefined Weak Reference
    _fp_trap_init                             - Undefined Weak Reference
    _fp_trap_shutdown                         - Undefined Weak Reference
    _get_lc_collate                           - Undefined Weak Reference
    _get_lc_monetary                          - Undefined Weak Reference
    _get_lc_time                              - Undefined Weak Reference
    _getenv_init                              - Undefined Weak Reference
    _handle_redirection                       - Undefined Weak Reference
    _init_alloc                               - Undefined Weak Reference
    _init_user_alloc                          - Undefined Weak Reference
    _initio                                   - Undefined Weak Reference
    _mutex_acquire                            - Undefined Weak Reference
    _mutex_release                            - Undefined Weak Reference
    _printf_fp_hex                            - Undefined Weak Reference
    _printf_mbtowc                            - Undefined Weak Reference
    _printf_wc                                - Undefined Weak Reference
    _rand_init                                - Undefined Weak Reference
    _signal_finish                            - Undefined Weak Reference
    _signal_init                              - Undefined Weak Reference
    _terminate_alloc                          - Undefined Weak Reference
    _terminate_user_alloc                     - Undefined Weak Reference
    _terminateio                              - Undefined Weak Reference
    __Vectors_Size                           0x00000130   Number         0  startup_stm32f10x_hd.o ABSOLUTE
    __Vectors                                0x08000000   Data           4  startup_stm32f10x_hd.o(RESET)
    __Vectors_End                            0x08000130   Data           0  startup_stm32f10x_hd.o(RESET)
    __main                                   0x08000131   Thumb Code     8  __main.o(!!!main)
    __scatterload                            0x08000139   Thumb Code     0  __scatter.o(!!!scatter)
    __scatterload_rt2                        0x08000139   Thumb Code    44  __scatter.o(!!!scatter)
    __scatterload_rt2_thumb_only             0x08000139   Thumb Code     0  __scatter.o(!!!scatter)
    __scatterload_null                       0x08000147   Thumb Code     0  __scatter.o(!!!scatter)
    __scatterload_copy                       0x0800016d   Thumb Code    26  __scatter_copy.o(!!handler_copy)
    __scatterload_zeroinit                   0x08000189   Thumb Code    28  __scatter_zi.o(!!handler_zi)
    _printf_n                                0x080001a5   Thumb Code     0  _printf_n.o(.ARM.Collect$$_printf_percent$$00000001)
    _printf_percent                          0x080001a5   Thumb Code     0  _printf_percent.o(.ARM.Collect$$_printf_percent$$00000000)
    _printf_p                                0x080001ab   Thumb Code     0  _printf_p.o(.ARM.Collect$$_printf_percent$$00000002)
    _printf_f                                0x080001b1   Thumb Code     0  _printf_f.o(.ARM.Collect$$_printf_percent$$00000003)
    _printf_e                                0x080001b7   Thumb Code     0  _printf_e.o(.ARM.Collect$$_printf_percent$$00000004)
    _printf_g                                0x080001bd   Thumb Code     0  _printf_g.o(.ARM.Collect$$_printf_percent$$00000005)
    _printf_a                                0x080001c3   Thumb Code     0  _printf_a.o(.ARM.Collect$$_printf_percent$$00000006)
    _printf_ll                               0x080001c9   Thumb Code     0  _printf_ll.o(.ARM.Collect$$_printf_percent$$00000007)
    _printf_i                                0x080001d3   Thumb Code     0  _printf_i.o(.ARM.Collect$$_printf_percent$$00000008)
    _printf_d                                0x080001d9   Thumb Code     0  _printf_d.o(.ARM.Collect$$_printf_percent$$00000009)
    _printf_u                                0x080001df   Thumb Code     0  _printf_u.o(.ARM.Collect$$_printf_percent$$0000000A)
    _printf_o                                0x080001e5   Thumb Code     0  _printf_o.o(.ARM.Collect$$_printf_percent$$0000000B)
    _printf_x                                0x080001eb   Thumb Code     0  _printf_x.o(.ARM.Collect$$_printf_percent$$0000000C)
    _printf_lli                              0x080001f1   Thumb Code     0  _printf_lli.o(.ARM.Collect$$_printf_percent$$0000000D)
    _printf_lld                              0x080001f7   Thumb Code     0  _printf_lld.o(.ARM.Collect$$_printf_percent$$0000000E)
    _printf_llu                              0x080001fd   Thumb Code     0  _printf_llu.o(.ARM.Collect$$_printf_percent$$0000000F)
    _printf_llo                              0x08000203   Thumb Code     0  _printf_llo.o(.ARM.Collect$$_printf_percent$$00000010)
    _printf_llx                              0x08000209   Thumb Code     0  _printf_llx.o(.ARM.Collect$$_printf_percent$$00000011)
    _printf_l                                0x0800020f   Thumb Code     0  _printf_l.o(.ARM.Collect$$_printf_percent$$00000012)
    _printf_c                                0x08000219   Thumb Code     0  _printf_c.o(.ARM.Collect$$_printf_percent$$00000013)
    _printf_s                                0x0800021f   Thumb Code     0  _printf_s.o(.ARM.Collect$$_printf_percent$$00000014)
    _printf_lc                               0x08000225   Thumb Code     0  _printf_lc.o(.ARM.Collect$$_printf_percent$$00000015)
    _printf_ls                               0x0800022b   Thumb Code     0  _printf_ls.o(.ARM.Collect$$_printf_percent$$00000016)
    _printf_percent_end                      0x08000231   Thumb Code     0  _printf_percent_end.o(.ARM.Collect$$_printf_percent$$00000017)
    __rt_lib_init                            0x08000235   Thumb Code     0  libinit.o(.ARM.Collect$$libinit$$00000000)
    __rt_lib_init_fp_1                       0x08000237   Thumb Code     0  libinit2.o(.ARM.Collect$$libinit$$00000002)
    __rt_lib_init_heap_1                     0x08000237   Thumb Code     0  libinit2.o(.ARM.Collect$$libinit$$0000000A)
    __rt_lib_init_lc_common                  0x08000237   Thumb Code     0  libinit2.o(.ARM.Collect$$libinit$$0000000F)
    __rt_lib_init_preinit_1                  0x08000237   Thumb Code     0  libinit2.o(.ARM.Collect$$libinit$$00000004)
    __rt_lib_init_rand_1                     0x08000237   Thumb Code     0  libinit2.o(.ARM.Collect$$libinit$$0000000E)
    __rt_lib_init_user_alloc_1               0x08000237   Thumb Code     0  libinit2.o(.ARM.Collect$$libinit$$0000000C)
    __rt_lib_init_lc_collate_1               0x0800023d   Thumb Code     0  libinit2.o(.ARM.Collect$$libinit$$00000011)
    __rt_lib_init_lc_ctype_2                 0x0800023d   Thumb Code     0  libinit2.o(.ARM.Collect$$libinit$$00000012)
    __rt_lib_init_lc_ctype_1                 0x08000249   Thumb Code     0  libinit2.o(.ARM.Collect$$libinit$$00000013)
    __rt_lib_init_lc_monetary_1              0x08000249   Thumb Code     0  libinit2.o(.ARM.Collect$$libinit$$00000015)
    __rt_lib_init_lc_numeric_2               0x08000249   Thumb Code     0  libinit2.o(.ARM.Collect$$libinit$$00000016)
    __rt_lib_init_alloca_1                   0x08000253   Thumb Code     0  libinit2.o(.ARM.Collect$$libinit$$0000002E)
    __rt_lib_init_argv_1                     0x08000253   Thumb Code     0  libinit2.o(.ARM.Collect$$libinit$$0000002C)
    __rt_lib_init_atexit_1                   0x08000253   Thumb Code     0  libinit2.o(.ARM.Collect$$libinit$$0000001B)
    __rt_lib_init_clock_1                    0x08000253   Thumb Code     0  libinit2.o(.ARM.Collect$$libinit$$00000021)
    __rt_lib_init_cpp_1                      0x08000253   Thumb Code     0  libinit2.o(.ARM.Collect$$libinit$$00000032)
    __rt_lib_init_exceptions_1               0x08000253   Thumb Code     0  libinit2.o(.ARM.Collect$$libinit$$00000030)
    __rt_lib_init_fp_trap_1                  0x08000253   Thumb Code     0  libinit2.o(.ARM.Collect$$libinit$$0000001F)
    __rt_lib_init_getenv_1                   0x08000253   Thumb Code     0  libinit2.o(.ARM.Collect$$libinit$$00000023)
    __rt_lib_init_lc_numeric_1               0x08000253   Thumb Code     0  libinit2.o(.ARM.Collect$$libinit$$00000017)
    __rt_lib_init_lc_time_1                  0x08000253   Thumb Code     0  libinit2.o(.ARM.Collect$$libinit$$00000019)
    __rt_lib_init_return                     0x08000253   Thumb Code     0  libinit2.o(.ARM.Collect$$libinit$$00000033)
    __rt_lib_init_signal_1                   0x08000253   Thumb Code     0  libinit2.o(.ARM.Collect$$libinit$$0000001D)
    __rt_lib_init_stdio_1                    0x08000253   Thumb Code     0  libinit2.o(.ARM.Collect$$libinit$$00000025)
    __rt_lib_shutdown                        0x08000255   Thumb Code     0  libshutdown.o(.ARM.Collect$$libshutdown$$00000000)
    __rt_lib_shutdown_cpp_1                  0x08000257   Thumb Code     0  libshutdown2.o(.ARM.Collect$$libshutdown$$00000002)
    __rt_lib_shutdown_fp_trap_1              0x08000257   Thumb Code     0  libshutdown2.o(.ARM.Collect$$libshutdown$$00000007)
    __rt_lib_shutdown_heap_1                 0x08000257   Thumb Code     0  libshutdown2.o(.ARM.Collect$$libshutdown$$0000000F)
    __rt_lib_shutdown_return                 0x08000257   Thumb Code     0  libshutdown2.o(.ARM.Collect$$libshutdown$$00000010)
    __rt_lib_shutdown_signal_1               0x08000257   Thumb Code     0  libshutdown2.o(.ARM.Collect$$libshutdown$$0000000A)
    __rt_lib_shutdown_stdio_1                0x08000257   Thumb Code     0  libshutdown2.o(.ARM.Collect$$libshutdown$$00000004)
    __rt_lib_shutdown_user_alloc_1           0x08000257   Thumb Code     0  libshutdown2.o(.ARM.Collect$$libshutdown$$0000000C)
    __rt_entry                               0x08000259   Thumb Code     0  __rtentry.o(.ARM.Collect$$rtentry$$00000000)
    __rt_entry_presh_1                       0x08000259   Thumb Code     0  __rtentry2.o(.ARM.Collect$$rtentry$$00000002)
    __rt_entry_sh                            0x08000259   Thumb Code     0  __rtentry4.o(.ARM.Collect$$rtentry$$00000004)
    __rt_entry_li                            0x0800025f   Thumb Code     0  __rtentry2.o(.ARM.Collect$$rtentry$$0000000A)
    __rt_entry_postsh_1                      0x0800025f   Thumb Code     0  __rtentry2.o(.ARM.Collect$$rtentry$$00000009)
    __rt_entry_main                          0x08000263   Thumb Code     0  __rtentry2.o(.ARM.Collect$$rtentry$$0000000D)
    __rt_entry_postli_1                      0x08000263   Thumb Code     0  __rtentry2.o(.ARM.Collect$$rtentry$$0000000C)
    __rt_exit                                0x0800026b   Thumb Code     0  rtexit.o(.ARM.Collect$$rtexit$$00000000)
    __rt_exit_ls                             0x0800026d   Thumb Code     0  rtexit2.o(.ARM.Collect$$rtexit$$00000003)
    __rt_exit_prels_1                        0x0800026d   Thumb Code     0  rtexit2.o(.ARM.Collect$$rtexit$$00000002)
    __rt_exit_exit                           0x08000271   Thumb Code     0  rtexit2.o(.ARM.Collect$$rtexit$$00000004)
    Reset_Handler                            0x08000279   Thumb Code     8  startup_stm32f10x_hd.o(.text)
    ADC1_2_IRQHandler                        0x08000293   Thumb Code     0  startup_stm32f10x_hd.o(.text)
    ADC3_IRQHandler                          0x08000293   Thumb Code     0  startup_stm32f10x_hd.o(.text)
    CAN1_RX1_IRQHandler                      0x08000293   Thumb Code     0  startup_stm32f10x_hd.o(.text)
    CAN1_SCE_IRQHandler                      0x08000293   Thumb Code     0  startup_stm32f10x_hd.o(.text)
    DMA1_Channel1_IRQHandler                 0x08000293   Thumb Code     0  startup_stm32f10x_hd.o(.text)
    DMA1_Channel2_IRQHandler                 0x08000293   Thumb Code     0  startup_stm32f10x_hd.o(.text)
    DMA1_Channel3_IRQHandler                 0x08000293   Thumb Code     0  startup_stm32f10x_hd.o(.text)
    DMA1_Channel4_IRQHandler                 0x08000293   Thumb Code     0  startup_stm32f10x_hd.o(.text)
    DMA1_Channel5_IRQHandler                 0x08000293   Thumb Code     0  startup_stm32f10x_hd.o(.text)
    DMA1_Channel6_IRQHandler                 0x08000293   Thumb Code     0  startup_stm32f10x_hd.o(.text)
    DMA1_Channel7_IRQHandler                 0x08000293   Thumb Code     0  startup_stm32f10x_hd.o(.text)
    DMA2_Channel1_IRQHandler                 0x08000293   Thumb Code     0  startup_stm32f10x_hd.o(.text)
    DMA2_Channel2_IRQHandler                 0x08000293   Thumb Code     0  startup_stm32f10x_hd.o(.text)
    DMA2_Channel3_IRQHandler                 0x08000293   Thumb Code     0  startup_stm32f10x_hd.o(.text)
    DMA2_Channel4_5_IRQHandler               0x08000293   Thumb Code     0  startup_stm32f10x_hd.o(.text)
    EXTI15_10_IRQHandler                     0x08000293   Thumb Code     0  startup_stm32f10x_hd.o(.text)
    EXTI1_IRQHandler                         0x08000293   Thumb Code     0  startup_stm32f10x_hd.o(.text)
    EXTI2_IRQHandler                         0x08000293   Thumb Code     0  startup_stm32f10x_hd.o(.text)
    EXTI3_IRQHandler                         0x08000293   Thumb Code     0  startup_stm32f10x_hd.o(.text)
    EXTI4_IRQHandler                         0x08000293   Thumb Code     0  startup_stm32f10x_hd.o(.text)
    EXTI9_5_IRQHandler                       0x08000293   Thumb Code     0  startup_stm32f10x_hd.o(.text)
    FLASH_IRQHandler                         0x08000293   Thumb Code     0  startup_stm32f10x_hd.o(.text)
    FSMC_IRQHandler                          0x08000293   Thumb Code     0  startup_stm32f10x_hd.o(.text)
    I2C1_ER_IRQHandler                       0x08000293   Thumb Code     0  startup_stm32f10x_hd.o(.text)
    I2C1_EV_IRQHandler                       0x08000293   Thumb Code     0  startup_stm32f10x_hd.o(.text)
    I2C2_ER_IRQHandler                       0x08000293   Thumb Code     0  startup_stm32f10x_hd.o(.text)
    I2C2_EV_IRQHandler                       0x08000293   Thumb Code     0  startup_stm32f10x_hd.o(.text)
    PVD_IRQHandler                           0x08000293   Thumb Code     0  startup_stm32f10x_hd.o(.text)
    RCC_IRQHandler                           0x08000293   Thumb Code     0  startup_stm32f10x_hd.o(.text)
    RTCAlarm_IRQHandler                      0x08000293   Thumb Code     0  startup_stm32f10x_hd.o(.text)
    RTC_IRQHandler                           0x08000293   Thumb Code     0  startup_stm32f10x_hd.o(.text)
    SDIO_IRQHandler                          0x08000293   Thumb Code     0  startup_stm32f10x_hd.o(.text)
    SPI1_IRQHandler                          0x08000293   Thumb Code     0  startup_stm32f10x_hd.o(.text)
    SPI2_IRQHandler                          0x08000293   Thumb Code     0  startup_stm32f10x_hd.o(.text)
    SPI3_IRQHandler                          0x08000293   Thumb Code     0  startup_stm32f10x_hd.o(.text)
    TAMPER_IRQHandler                        0x08000293   Thumb Code     0  startup_stm32f10x_hd.o(.text)
    TIM1_BRK_IRQHandler                      0x08000293   Thumb Code     0  startup_stm32f10x_hd.o(.text)
    TIM1_CC_IRQHandler                       0x08000293   Thumb Code     0  startup_stm32f10x_hd.o(.text)
    TIM1_TRG_COM_IRQHandler                  0x08000293   Thumb Code     0  startup_stm32f10x_hd.o(.text)
    TIM1_UP_IRQHandler                       0x08000293   Thumb Code     0  startup_stm32f10x_hd.o(.text)
    TIM2_IRQHandler                          0x08000293   Thumb Code     0  startup_stm32f10x_hd.o(.text)
    TIM3_IRQHandler                          0x08000293   Thumb Code     0  startup_stm32f10x_hd.o(.text)
    TIM5_IRQHandler                          0x08000293   Thumb Code     0  startup_stm32f10x_hd.o(.text)
    TIM6_IRQHandler                          0x08000293   Thumb Code     0  startup_stm32f10x_hd.o(.text)
    TIM7_IRQHandler                          0x08000293   Thumb Code     0  startup_stm32f10x_hd.o(.text)
    TIM8_BRK_IRQHandler                      0x08000293   Thumb Code     0  startup_stm32f10x_hd.o(.text)
    TIM8_CC_IRQHandler                       0x08000293   Thumb Code     0  startup_stm32f10x_hd.o(.text)
    TIM8_TRG_COM_IRQHandler                  0x08000293   Thumb Code     0  startup_stm32f10x_hd.o(.text)
    TIM8_UP_IRQHandler                       0x08000293   Thumb Code     0  startup_stm32f10x_hd.o(.text)
    UART4_IRQHandler                         0x08000293   Thumb Code     0  startup_stm32f10x_hd.o(.text)
    UART5_IRQHandler                         0x08000293   Thumb Code     0  startup_stm32f10x_hd.o(.text)
    USART3_IRQHandler                        0x08000293   Thumb Code     0  startup_stm32f10x_hd.o(.text)
    USBWakeUp_IRQHandler                     0x08000293   Thumb Code     0  startup_stm32f10x_hd.o(.text)
    USB_HP_CAN1_TX_IRQHandler                0x08000293   Thumb Code     0  startup_stm32f10x_hd.o(.text)
    USB_LP_CAN1_RX0_IRQHandler               0x08000293   Thumb Code     0  startup_stm32f10x_hd.o(.text)
    WWDG_IRQHandler                          0x08000293   Thumb Code     0  startup_stm32f10x_hd.o(.text)
    __user_initial_stackheap                 0x08000295   Thumb Code     0  startup_stm32f10x_hd.o(.text)
    __use_no_semihosting                     0x080002b9   Thumb Code     2  use_no_semi_2.o(.text)
    __c89vsprintf                            0x080002bd   Thumb Code    32  c89vsprintf.o(.text)
    __2printf                                0x080002e1   Thumb Code    20  __2printf.o(.text)
    __2sprintf                               0x080002f9   Thumb Code    38  __2sprintf.o(.text)
    _printf_pre_padding                      0x08000325   Thumb Code    44  _printf_pad.o(.text)
    _printf_post_padding                     0x08000351   Thumb Code    34  _printf_pad.o(.text)
    _printf_int_dec                          0x08000375   Thumb Code   104  _printf_dec.o(.text)
    __printf                                 0x080003ed   Thumb Code   388  __printf_flags_ss_wp.o(.text)
    strlen                                   0x08000575   Thumb Code    62  strlen.o(.text)
    __use_two_region_memory                  0x080005b3   Thumb Code     2  heapauxi.o(.text)
    __rt_heap_escrow$2region                 0x080005b5   Thumb Code     2  heapauxi.o(.text)
    __rt_heap_expand$2region                 0x080005b7   Thumb Code     2  heapauxi.o(.text)
    __I$use$semihosting                      0x080005b9   Thumb Code     0  use_no_semi.o(.text)
    __use_no_semihosting_swi                 0x080005b9   Thumb Code     2  use_no_semi.o(.text)
    _printf_truncate_signed                  0x080005bb   Thumb Code    18  _printf_truncate.o(.text)
    _printf_truncate_unsigned                0x080005cd   Thumb Code    18  _printf_truncate.o(.text)
    _printf_str                              0x080005df   Thumb Code    82  _printf_str.o(.text)
    _printf_int_common                       0x08000631   Thumb Code   178  _printf_intcommon.o(.text)
    _printf_charcount                        0x080006e3   Thumb Code    40  _printf_charcount.o(.text)
    _printf_char_common                      0x08000717   Thumb Code    32  _printf_char_common.o(.text)
    _sputc                                   0x0800073d   Thumb Code    10  _sputc.o(.text)
    _printf_char_file                        0x08000749   Thumb Code    32  _printf_char_file.o(.text)
    _printf_wctomb                           0x0800076d   Thumb Code   182  _printf_wctomb.o(.text)
    _printf_longlong_dec                     0x08000829   Thumb Code   108  _printf_longlong_dec.o(.text)
    _printf_longlong_oct                     0x080008a5   Thumb Code    66  _printf_oct_int_ll.o(.text)
    _printf_int_oct                          0x080008e7   Thumb Code    24  _printf_oct_int_ll.o(.text)
    _printf_ll_oct                           0x080008ff   Thumb Code    12  _printf_oct_int_ll.o(.text)
    _printf_longlong_hex                     0x08000915   Thumb Code    86  _printf_hex_int_ll_ptr.o(.text)
    _printf_int_hex                          0x0800096b   Thumb Code    28  _printf_hex_int_ll_ptr.o(.text)
    _printf_ll_hex                           0x08000987   Thumb Code    12  _printf_hex_int_ll_ptr.o(.text)
    _printf_hex_ptr                          0x08000993   Thumb Code    18  _printf_hex_int_ll_ptr.o(.text)
    _ll_udiv10                               0x080009a9   Thumb Code   138  lludiv10.o(.text)
    __lib_sel_fp_printf                      0x08000a33   Thumb Code     2  _printf_fp_dec.o(.text)
    _printf_fp_dec_real                      0x08000be5   Thumb Code   620  _printf_fp_dec.o(.text)
    _printf_cs_common                        0x08000e51   Thumb Code    20  _printf_char.o(.text)
    _printf_char                             0x08000e65   Thumb Code    16  _printf_char.o(.text)
    _printf_string                           0x08000e75   Thumb Code     8  _printf_char.o(.text)
    _printf_lcs_common                       0x08000e7d   Thumb Code    20  _printf_wchar.o(.text)
    _printf_wchar                            0x08000e91   Thumb Code    16  _printf_wchar.o(.text)
    _printf_wstring                          0x08000ea1   Thumb Code     8  _printf_wchar.o(.text)
    ferror                                   0x08000ea9   Thumb Code     8  ferror.o(.text)
    _wcrtomb                                 0x08000eb1   Thumb Code    64  _wcrtomb.o(.text)
    __user_setup_stackheap                   0x08000ef1   Thumb Code    74  sys_stackheap_outer.o(.text)
    __rt_ctype_table                         0x08000f3d   Thumb Code    16  rt_ctype_table.o(.text)
    __rt_locale                              0x08000f4d   Thumb Code     8  rt_locale_intlibspace.o(.text)
    _printf_fp_infnan                        0x08000f55   Thumb Code   112  _printf_fp_infnan.o(.text)
    _btod_etento                             0x08000fd5   Thumb Code   224  bigflt0.o(.text)
    exit                                     0x080010b9   Thumb Code    18  exit.o(.text)
    __user_libspace                          0x080010cd   Thumb Code     8  libspace.o(.text)
    __user_perproc_libspace                  0x080010cd   Thumb Code     0  libspace.o(.text)
    __user_perthread_libspace                0x080010cd   Thumb Code     0  libspace.o(.text)
    strcmp                                   0x080010d5   Thumb Code   128  strcmpv7m.o(.text)
    _btod_d2e                                0x08001155   Thumb Code    62  btod.o(CL$$btod_d2e)
    _d2e_denorm_low                          0x08001193   Thumb Code    70  btod.o(CL$$btod_d2e_denorm_low)
    _d2e_norm_op1                            0x080011d9   Thumb Code    96  btod.o(CL$$btod_d2e_norm_op1)
    __btod_div_common                        0x08001239   Thumb Code   696  btod.o(CL$$btod_div_common)
    _e2e                                     0x08001571   Thumb Code   220  btod.o(CL$$btod_e2e)
    _btod_ediv                               0x0800164d   Thumb Code    42  btod.o(CL$$btod_ediv)
    _btod_emul                               0x08001677   Thumb Code    42  btod.o(CL$$btod_emul)
    __btod_mult_common                       0x080016a1   Thumb Code   580  btod.o(CL$$btod_mult_common)
    BusFault_Handler                         0x080018e5   Thumb Code     4  stm32f10x_it.o(i.BusFault_Handler)
    DMA_Cmd                                  0x080018e9   Thumb Code    24  stm32f10x_dma.o(i.DMA_Cmd)
    DMA_DeInit                               0x08001901   Thumb Code   324  stm32f10x_dma.o(i.DMA_DeInit)
    DMA_GetCurrDataCounter                   0x08001a4d   Thumb Code     8  stm32f10x_dma.o(i.DMA_GetCurrDataCounter)
    DMA_Init                                 0x08001a55   Thumb Code    60  stm32f10x_dma.o(i.DMA_Init)
    DMA_SetCurrDataCounter                   0x08001a91   Thumb Code     4  stm32f10x_dma.o(i.DMA_SetCurrDataCounter)
    DebugMon_Handler                         0x08001a95   Thumb Code     2  stm32f10x_it.o(i.DebugMon_Handler)
    EXTI0_IRQHandler                         0x08001a99   Thumb Code   150  stm32f10x_it.o(i.EXTI0_IRQHandler)
    EXTI_ClearITPendingBit                   0x08001b45   Thumb Code     6  stm32f10x_exti.o(i.EXTI_ClearITPendingBit)
    EXTI_GetITStatus                         0x08001b51   Thumb Code    34  stm32f10x_exti.o(i.EXTI_GetITStatus)
    EXTI_Init                                0x08001b79   Thumb Code   142  stm32f10x_exti.o(i.EXTI_Init)
    EXTI_Key_Config                          0x08001c0d   Thumb Code    72  bsp_exti.o(i.EXTI_Key_Config)
    GPIO_EXTILineConfig                      0x08001c59   Thumb Code    60  stm32f10x_gpio.o(i.GPIO_EXTILineConfig)
    GPIO_Init                                0x08001c99   Thumb Code   278  stm32f10x_gpio.o(i.GPIO_Init)
    GPIO_SetBits                             0x08001daf   Thumb Code     4  stm32f10x_gpio.o(i.GPIO_SetBits)
    HC05_Get_Role                            0x08001db5   Thumb Code   124  hc05.o(i.HC05_Get_Role)
    HC05_Init                                0x08001e49   Thumb Code    84  hc05.o(i.HC05_Init)
    HC05_Set_Cmd                             0x08001ea1   Thumb Code   128  hc05.o(i.HC05_Set_Cmd)
    HardFault_Handler                        0x08001f39   Thumb Code     4  stm32f10x_it.o(i.HardFault_Handler)
    IIC_Ack                                  0x08001f3d   Thumb Code    66  myiic.o(i.IIC_Ack)
    IIC_Init                                 0x08001f8d   Thumb Code    52  myiic.o(i.IIC_Init)
    IIC_NAck                                 0x08001fcd   Thumb Code    66  myiic.o(i.IIC_NAck)
    IIC_Read_Byte                            0x0800201d   Thumb Code    98  myiic.o(i.IIC_Read_Byte)
    IIC_Send_Byte                            0x0800208d   Thumb Code    90  myiic.o(i.IIC_Send_Byte)
    IIC_Start                                0x080020f5   Thumb Code    64  myiic.o(i.IIC_Start)
    IIC_Stop                                 0x08002141   Thumb Code    62  myiic.o(i.IIC_Stop)
    IIC_Wait_Ack                             0x0800218d   Thumb Code    86  myiic.o(i.IIC_Wait_Ack)
    MemManage_Handler                        0x080021f1   Thumb Code     4  stm32f10x_it.o(i.MemManage_Handler)
    NMI_Handler                              0x080021f5   Thumb Code     2  stm32f10x_it.o(i.NMI_Handler)
    NVIC_Configuration                       0x080021f7   Thumb Code    12  sys.o(i.NVIC_Configuration)
    NVIC_Init                                0x08002231   Thumb Code   100  misc.o(i.NVIC_Init)
    NVIC_PriorityGroupConfig                 0x080022a1   Thumb Code    10  misc.o(i.NVIC_PriorityGroupConfig)
    PendSV_Handler                           0x080022b5   Thumb Code     2  stm32f10x_it.o(i.PendSV_Handler)
    RCC_AHBPeriphClockCmd                    0x080022b9   Thumb Code    26  stm32f10x_rcc.o(i.RCC_AHBPeriphClockCmd)
    RCC_APB1PeriphClockCmd                   0x080022d9   Thumb Code    26  stm32f10x_rcc.o(i.RCC_APB1PeriphClockCmd)
    RCC_APB1PeriphResetCmd                   0x080022f9   Thumb Code    26  stm32f10x_rcc.o(i.RCC_APB1PeriphResetCmd)
    RCC_APB2PeriphClockCmd                   0x08002319   Thumb Code    26  stm32f10x_rcc.o(i.RCC_APB2PeriphClockCmd)
    RCC_APB2PeriphResetCmd                   0x08002339   Thumb Code    26  stm32f10x_rcc.o(i.RCC_APB2PeriphResetCmd)
    RCC_GetClocksFreq                        0x08002359   Thumb Code   192  stm32f10x_rcc.o(i.RCC_GetClocksFreq)
    SVC_Handler                              0x0800242d   Thumb Code     2  stm32f10x_it.o(i.SVC_Handler)
    SysTick_CLKSourceConfig                  0x08002519   Thumb Code    40  misc.o(i.SysTick_CLKSourceConfig)
    SysTick_Handler                          0x08002541   Thumb Code     2  stm32f10x_it.o(i.SysTick_Handler)
    SystemInit                               0x08002545   Thumb Code    78  system_stm32f10x.o(i.SystemInit)
    TIM4_IRQHandler                          0x080025a5   Thumb Code    40  usart2.o(i.TIM4_IRQHandler)
    TIM4_Init                                0x080025d5   Thumb Code    82  usart2.o(i.TIM4_Init)
    TIM4_Set                                 0x0800262d   Thumb Code    34  usart2.o(i.TIM4_Set)
    TIM_ClearITPendingBit                    0x08002655   Thumb Code     6  stm32f10x_tim.o(i.TIM_ClearITPendingBit)
    TIM_Cmd                                  0x0800265b   Thumb Code    24  stm32f10x_tim.o(i.TIM_Cmd)
    TIM_GetITStatus                          0x08002673   Thumb Code    34  stm32f10x_tim.o(i.TIM_GetITStatus)
    TIM_ITConfig                             0x08002695   Thumb Code    18  stm32f10x_tim.o(i.TIM_ITConfig)
    TIM_SetCounter                           0x080026a7   Thumb Code     4  stm32f10x_tim.o(i.TIM_SetCounter)
    TIM_TimeBaseInit                         0x080026ad   Thumb Code   122  stm32f10x_tim.o(i.TIM_TimeBaseInit)
    UART_DMA_Config                          0x08002751   Thumb Code    72  usart2.o(i.UART_DMA_Config)
    UART_DMA_Enable                          0x08002799   Thumb Code    32  usart2.o(i.UART_DMA_Enable)
    USART1_IRQHandler                        0x080027b9   Thumb Code   122  usart.o(i.USART1_IRQHandler)
    USART2_IRQHandler                        0x08002841   Thumb Code    82  usart2.o(i.USART2_IRQHandler)
    USART2_Init                              0x080028a5   Thumb Code   218  usart2.o(i.USART2_Init)
    USART_Cmd                                0x08002995   Thumb Code    24  stm32f10x_usart.o(i.USART_Cmd)
    USART_DMACmd                             0x080029ad   Thumb Code    18  stm32f10x_usart.o(i.USART_DMACmd)
    USART_DeInit                             0x080029c1   Thumb Code   134  stm32f10x_usart.o(i.USART_DeInit)
    USART_GetITStatus                        0x08002a5d   Thumb Code    84  stm32f10x_usart.o(i.USART_GetITStatus)
    USART_ITConfig                           0x08002ab1   Thumb Code    74  stm32f10x_usart.o(i.USART_ITConfig)
    USART_Init                               0x08002afd   Thumb Code   210  stm32f10x_usart.o(i.USART_Init)
    USART_ReceiveData                        0x08002bd5   Thumb Code    10  stm32f10x_usart.o(i.USART_ReceiveData)
    UsageFault_Handler                       0x08002bdf   Thumb Code     4  stm32f10x_it.o(i.UsageFault_Handler)
    __ARM_fpclassify                         0x08002be3   Thumb Code    40  fpclassify.o(i.__ARM_fpclassify)
    _is_digit                                0x08002c0b   Thumb Code    14  __printf_wp.o(i._is_digit)
    _sys_exit                                0x08002c19   Thumb Code     6  usart.o(i._sys_exit)
    delay_init                               0x08002c21   Thumb Code    50  delay.o(i.delay_init)
    delay_ms                                 0x08002c65   Thumb Code    72  delay.o(i.delay_ms)
    delay_us                                 0x08002cb1   Thumb Code    72  delay.o(i.delay_us)
    fputc                                    0x08002cfd   Thumb Code    24  usart.o(i.fputc)
    heart                                    0x08002d19   Thumb Code   740  main.o(i.heart)
    main                                     0x080030e5   Thumb Code   560  main.o(i.main)
    max30102_Bus_Read                        0x08003585   Thumb Code    82  max30102.o(i.max30102_Bus_Read)
    max30102_Bus_Write                       0x080035d7   Thumb Code    68  max30102.o(i.max30102_Bus_Write)
    max30102_FIFO_ReadBytes                  0x0800361b   Thumb Code   128  max30102.o(i.max30102_FIFO_ReadBytes)
    max30102_init                            0x0800369d   Thumb Code   130  max30102.o(i.max30102_init)
    max30102_reset                           0x08003725   Thumb Code    20  max30102.o(i.max30102_reset)
    maxim_find_peaks                         0x08003739   Thumb Code    66  algorithm.o(i.maxim_find_peaks)
    maxim_heart_rate_and_oxygen_saturation   0x0800377d   Thumb Code  1272  algorithm.o(i.maxim_heart_rate_and_oxygen_saturation)
    maxim_peaks_above_min_height             0x08003c7d   Thumb Code   122  algorithm.o(i.maxim_peaks_above_min_height)
    maxim_remove_close_peaks                 0x08003cf7   Thumb Code   114  algorithm.o(i.maxim_remove_close_peaks)
    maxim_sort_ascend                        0x08003d69   Thumb Code    54  algorithm.o(i.maxim_sort_ascend)
    maxim_sort_indices_descend               0x08003d9f   Thumb Code    64  algorithm.o(i.maxim_sort_indices_descend)
    u2_printf                                0x08003de1   Thumb Code    56  usart2.o(i.u2_printf)
    uart_init                                0x08003e21   Thumb Code   158  usart.o(i.uart_init)
    _get_lc_numeric                          0x08003ec9   Thumb Code    44  lc_numeric_c.o(locale$$code)
    _get_lc_ctype                            0x08003ef5   Thumb Code    44  lc_ctype_c.o(locale$$code)
    __aeabi_fdiv                             0x08003f21   Thumb Code     0  fdiv.o(x$fpl$fdiv)
    _fdiv                                    0x08003f21   Thumb Code   384  fdiv.o(x$fpl$fdiv)
    __aeabi_f2iz                             0x080040a5   Thumb Code     0  ffix.o(x$fpl$ffix)
    _ffix                                    0x080040a5   Thumb Code    54  ffix.o(x$fpl$ffix)
    __aeabi_ui2f                             0x080040dd   Thumb Code     0  fflt_clz.o(x$fpl$ffltu)
    _ffltu                                   0x080040dd   Thumb Code    38  fflt_clz.o(x$fpl$ffltu)
    __aeabi_fmul                             0x08004105   Thumb Code     0  fmul.o(x$fpl$fmul)
    _fmul                                    0x08004105   Thumb Code   258  fmul.o(x$fpl$fmul)
    __fpl_fnaninf                            0x08004207   Thumb Code   140  fnaninf.o(x$fpl$fnaninf)
    __fpl_fretinf                            0x08004293   Thumb Code    10  fretinf.o(x$fpl$fretinf)
    _printf_fp_dec                           0x0800429d   Thumb Code     4  printf1.o(x$fpl$printf1)
    __I$use$fp                               0x080042a0   Number         0  usenofp.o(x$fpl$usenofp)
    auw_hamm                                 0x080042a0   Data          62  algorithm.o(.constdata)
    uch_spo2_table                           0x080042de   Data         184  algorithm.o(.constdata)
    Region$$Table$$Base                      0x080044b8   Number         0  anon$$obj.o(Region$$Table)
    Region$$Table$$Limit                     0x080044d8   Number         0  anon$$obj.o(Region$$Table)
    __ctype                                  0x08004501   Data           0  lc_ctype_c.o(locale$$data)
    Move_gewei                               0x20000000   Data           4  stm32f10x_it.o(.data)
    Move_shiwei                              0x20000004   Data           4  stm32f10x_it.o(.data)
    Move_baiwei                              0x20000008   Data           4  stm32f10x_it.o(.data)
    Move_qianwei                             0x2000000c   Data           4  stm32f10x_it.o(.data)
    Move_wanwei                              0x20000010   Data           4  stm32f10x_it.o(.data)
    SystemCoreClock                          0x20000014   Data           4  system_stm32f10x.o(.data)
    AHBPrescTable                            0x20000018   Data          16  system_stm32f10x.o(.data)
    n_ir_buffer_length                       0x20000028   Data           4  main.o(.data)
    n_sp02                                   0x2000002c   Data           4  main.o(.data)
    ch_spo2_valid                            0x20000030   Data           1  main.o(.data)
    n_heart_rate                             0x20000034   Data           4  main.o(.data)
    ch_hr_valid                              0x20000038   Data           1  main.o(.data)
    uch_dummy                                0x20000039   Data           1  main.o(.data)
    un_min                                   0x2000003c   Data           4  main.o(.data)
    un_max                                   0x20000040   Data           4  main.o(.data)
    un_prev_data                             0x20000044   Data           4  main.o(.data)
    i                                        0x20000048   Data           4  main.o(.data)
    n_brightness                             0x2000004c   Data           4  main.o(.data)
    f_temp                                   0x20000050   Data           4  main.o(.data)
    temp_num                                 0x20000054   Data           1  main.o(.data)
    temp                                     0x20000055   Data           6  main.o(.data)
    dis_hr                                   0x2000005b   Data           1  main.o(.data)
    dis_spo2                                 0x2000005c   Data           1  main.o(.data)
    time                                     0x20000060   Data           4  main.o(.data)
    hc05_role                                0x20000064   Data           1  main.o(.data)
    __stdout                                 0x2000006c   Data           4  usart.o(.data)
    USART_RX_STA                             0x20000070   Data           2  usart.o(.data)
    USART2_RX_STA                            0x20000086   Data           2  usart2.o(.data)
    str                                      0x20000088   Data         100  main.o(.bss)
    aun_ir_buffer                            0x200000ec   Data        2000  main.o(.bss)
    aun_red_buffer                           0x200008bc   Data        2000  main.o(.bss)
    USART_RX_BUF                             0x2000108c   Data         200  usart.o(.bss)
    USART2_TX_BUF                            0x20001158   Data         200  usart2.o(.bss)
    USART2_RX_BUF                            0x20001220   Data         200  usart2.o(.bss)
    __libspace_start                         0x20002a48   Data          96  libspace.o(.bss)
    __temporary_stack_top$libspace           0x20002aa8   Data           0  libspace.o(.bss)



==============================================================================

Memory Map of the image

  Image Entry point : 0x08000279

  Load Region LR_1 (Base: 0x08000000, Size: 0x0000468c, Max: 0xffffffff, ABSOLUTE)

    Execution Region ER_RO (Exec base: 0x08000000, Load base: 0x08000000, Size: 0x00004604, Max: 0xffffffff, ABSOLUTE)

    Exec Addr    Load Addr    Size         Type   Attr      Idx    E Section Name        Object

    0x08000000   0x08000000   0x00000130   Data   RO          300    RESET               startup_stm32f10x_hd.o
    0x08000130   0x08000130   0x00000008   Code   RO         3702  * !!!main             c_w.l(__main.o)
    0x08000138   0x08000138   0x00000034   Code   RO         4010    !!!scatter          c_w.l(__scatter.o)
    0x0800016c   0x0800016c   0x0000001a   Code   RO         4012    !!handler_copy      c_w.l(__scatter_copy.o)
    0x08000186   0x08000186   0x00000002   PAD
    0x08000188   0x08000188   0x0000001c   Code   RO         4014    !!handler_zi        c_w.l(__scatter_zi.o)
    0x080001a4   0x080001a4   0x00000000   Code   RO         3697    .ARM.Collect$$_printf_percent$$00000000  c_w.l(_printf_percent.o)
    0x080001a4   0x080001a4   0x00000006   Code   RO         3771    .ARM.Collect$$_printf_percent$$00000001  c_w.l(_printf_n.o)
    0x080001aa   0x080001aa   0x00000006   Code   RO         3773    .ARM.Collect$$_printf_percent$$00000002  c_w.l(_printf_p.o)
    0x080001b0   0x080001b0   0x00000006   Code   RO         3777    .ARM.Collect$$_printf_percent$$00000003  c_w.l(_printf_f.o)
    0x080001b6   0x080001b6   0x00000006   Code   RO         3778    .ARM.Collect$$_printf_percent$$00000004  c_w.l(_printf_e.o)
    0x080001bc   0x080001bc   0x00000006   Code   RO         3779    .ARM.Collect$$_printf_percent$$00000005  c_w.l(_printf_g.o)
    0x080001c2   0x080001c2   0x00000006   Code   RO         3780    .ARM.Collect$$_printf_percent$$00000006  c_w.l(_printf_a.o)
    0x080001c8   0x080001c8   0x0000000a   Code   RO         3785    .ARM.Collect$$_printf_percent$$00000007  c_w.l(_printf_ll.o)
    0x080001d2   0x080001d2   0x00000006   Code   RO         3775    .ARM.Collect$$_printf_percent$$00000008  c_w.l(_printf_i.o)
    0x080001d8   0x080001d8   0x00000006   Code   RO         3696    .ARM.Collect$$_printf_percent$$00000009  c_w.l(_printf_d.o)
    0x080001de   0x080001de   0x00000006   Code   RO         3776    .ARM.Collect$$_printf_percent$$0000000A  c_w.l(_printf_u.o)
    0x080001e4   0x080001e4   0x00000006   Code   RO         3774    .ARM.Collect$$_printf_percent$$0000000B  c_w.l(_printf_o.o)
    0x080001ea   0x080001ea   0x00000006   Code   RO         3772    .ARM.Collect$$_printf_percent$$0000000C  c_w.l(_printf_x.o)
    0x080001f0   0x080001f0   0x00000006   Code   RO         3782    .ARM.Collect$$_printf_percent$$0000000D  c_w.l(_printf_lli.o)
    0x080001f6   0x080001f6   0x00000006   Code   RO         3783    .ARM.Collect$$_printf_percent$$0000000E  c_w.l(_printf_lld.o)
    0x080001fc   0x080001fc   0x00000006   Code   RO         3784    .ARM.Collect$$_printf_percent$$0000000F  c_w.l(_printf_llu.o)
    0x08000202   0x08000202   0x00000006   Code   RO         3789    .ARM.Collect$$_printf_percent$$00000010  c_w.l(_printf_llo.o)
    0x08000208   0x08000208   0x00000006   Code   RO         3790    .ARM.Collect$$_printf_percent$$00000011  c_w.l(_printf_llx.o)
    0x0800020e   0x0800020e   0x0000000a   Code   RO         3786    .ARM.Collect$$_printf_percent$$00000012  c_w.l(_printf_l.o)
    0x08000218   0x08000218   0x00000006   Code   RO         3769    .ARM.Collect$$_printf_percent$$00000013  c_w.l(_printf_c.o)
    0x0800021e   0x0800021e   0x00000006   Code   RO         3770    .ARM.Collect$$_printf_percent$$00000014  c_w.l(_printf_s.o)
    0x08000224   0x08000224   0x00000006   Code   RO         3787    .ARM.Collect$$_printf_percent$$00000015  c_w.l(_printf_lc.o)
    0x0800022a   0x0800022a   0x00000006   Code   RO         3788    .ARM.Collect$$_printf_percent$$00000016  c_w.l(_printf_ls.o)
    0x08000230   0x08000230   0x00000004   Code   RO         3781    .ARM.Collect$$_printf_percent$$00000017  c_w.l(_printf_percent_end.o)
    0x08000234   0x08000234   0x00000002   Code   RO         3875    .ARM.Collect$$libinit$$00000000  c_w.l(libinit.o)
    0x08000236   0x08000236   0x00000000   Code   RO         3891    .ARM.Collect$$libinit$$00000002  c_w.l(libinit2.o)
    0x08000236   0x08000236   0x00000000   Code   RO         3893    .ARM.Collect$$libinit$$00000004  c_w.l(libinit2.o)
    0x08000236   0x08000236   0x00000000   Code   RO         3896    .ARM.Collect$$libinit$$0000000A  c_w.l(libinit2.o)
    0x08000236   0x08000236   0x00000000   Code   RO         3898    .ARM.Collect$$libinit$$0000000C  c_w.l(libinit2.o)
    0x08000236   0x08000236   0x00000000   Code   RO         3900    .ARM.Collect$$libinit$$0000000E  c_w.l(libinit2.o)
    0x08000236   0x08000236   0x00000006   Code   RO         3901    .ARM.Collect$$libinit$$0000000F  c_w.l(libinit2.o)
    0x0800023c   0x0800023c   0x00000000   Code   RO         3903    .ARM.Collect$$libinit$$00000011  c_w.l(libinit2.o)
    0x0800023c   0x0800023c   0x0000000c   Code   RO         3904    .ARM.Collect$$libinit$$00000012  c_w.l(libinit2.o)
    0x08000248   0x08000248   0x00000000   Code   RO         3905    .ARM.Collect$$libinit$$00000013  c_w.l(libinit2.o)
    0x08000248   0x08000248   0x00000000   Code   RO         3907    .ARM.Collect$$libinit$$00000015  c_w.l(libinit2.o)
    0x08000248   0x08000248   0x0000000a   Code   RO         3908    .ARM.Collect$$libinit$$00000016  c_w.l(libinit2.o)
    0x08000252   0x08000252   0x00000000   Code   RO         3909    .ARM.Collect$$libinit$$00000017  c_w.l(libinit2.o)
    0x08000252   0x08000252   0x00000000   Code   RO         3911    .ARM.Collect$$libinit$$00000019  c_w.l(libinit2.o)
    0x08000252   0x08000252   0x00000000   Code   RO         3913    .ARM.Collect$$libinit$$0000001B  c_w.l(libinit2.o)
    0x08000252   0x08000252   0x00000000   Code   RO         3915    .ARM.Collect$$libinit$$0000001D  c_w.l(libinit2.o)
    0x08000252   0x08000252   0x00000000   Code   RO         3917    .ARM.Collect$$libinit$$0000001F  c_w.l(libinit2.o)
    0x08000252   0x08000252   0x00000000   Code   RO         3919    .ARM.Collect$$libinit$$00000021  c_w.l(libinit2.o)
    0x08000252   0x08000252   0x00000000   Code   RO         3921    .ARM.Collect$$libinit$$00000023  c_w.l(libinit2.o)
    0x08000252   0x08000252   0x00000000   Code   RO         3923    .ARM.Collect$$libinit$$00000025  c_w.l(libinit2.o)
    0x08000252   0x08000252   0x00000000   Code   RO         3927    .ARM.Collect$$libinit$$0000002C  c_w.l(libinit2.o)
    0x08000252   0x08000252   0x00000000   Code   RO         3929    .ARM.Collect$$libinit$$0000002E  c_w.l(libinit2.o)
    0x08000252   0x08000252   0x00000000   Code   RO         3931    .ARM.Collect$$libinit$$00000030  c_w.l(libinit2.o)
    0x08000252   0x08000252   0x00000000   Code   RO         3933    .ARM.Collect$$libinit$$00000032  c_w.l(libinit2.o)
    0x08000252   0x08000252   0x00000002   Code   RO         3934    .ARM.Collect$$libinit$$00000033  c_w.l(libinit2.o)
    0x08000254   0x08000254   0x00000002   Code   RO         3952    .ARM.Collect$$libshutdown$$00000000  c_w.l(libshutdown.o)
    0x08000256   0x08000256   0x00000000   Code   RO         3962    .ARM.Collect$$libshutdown$$00000002  c_w.l(libshutdown2.o)
    0x08000256   0x08000256   0x00000000   Code   RO         3964    .ARM.Collect$$libshutdown$$00000004  c_w.l(libshutdown2.o)
    0x08000256   0x08000256   0x00000000   Code   RO         3967    .ARM.Collect$$libshutdown$$00000007  c_w.l(libshutdown2.o)
    0x08000256   0x08000256   0x00000000   Code   RO         3970    .ARM.Collect$$libshutdown$$0000000A  c_w.l(libshutdown2.o)
    0x08000256   0x08000256   0x00000000   Code   RO         3972    .ARM.Collect$$libshutdown$$0000000C  c_w.l(libshutdown2.o)
    0x08000256   0x08000256   0x00000000   Code   RO         3975    .ARM.Collect$$libshutdown$$0000000F  c_w.l(libshutdown2.o)
    0x08000256   0x08000256   0x00000002   Code   RO         3976    .ARM.Collect$$libshutdown$$00000010  c_w.l(libshutdown2.o)
    0x08000258   0x08000258   0x00000000   Code   RO         3722    .ARM.Collect$$rtentry$$00000000  c_w.l(__rtentry.o)
    0x08000258   0x08000258   0x00000000   Code   RO         3799    .ARM.Collect$$rtentry$$00000002  c_w.l(__rtentry2.o)
    0x08000258   0x08000258   0x00000006   Code   RO         3811    .ARM.Collect$$rtentry$$00000004  c_w.l(__rtentry4.o)
    0x0800025e   0x0800025e   0x00000000   Code   RO         3801    .ARM.Collect$$rtentry$$00000009  c_w.l(__rtentry2.o)
    0x0800025e   0x0800025e   0x00000004   Code   RO         3802    .ARM.Collect$$rtentry$$0000000A  c_w.l(__rtentry2.o)
    0x08000262   0x08000262   0x00000000   Code   RO         3804    .ARM.Collect$$rtentry$$0000000C  c_w.l(__rtentry2.o)
    0x08000262   0x08000262   0x00000008   Code   RO         3805    .ARM.Collect$$rtentry$$0000000D  c_w.l(__rtentry2.o)
    0x0800026a   0x0800026a   0x00000002   Code   RO         3883    .ARM.Collect$$rtexit$$00000000  c_w.l(rtexit.o)
    0x0800026c   0x0800026c   0x00000000   Code   RO         3936    .ARM.Collect$$rtexit$$00000002  c_w.l(rtexit2.o)
    0x0800026c   0x0800026c   0x00000004   Code   RO         3937    .ARM.Collect$$rtexit$$00000003  c_w.l(rtexit2.o)
    0x08000270   0x08000270   0x00000006   Code   RO         3938    .ARM.Collect$$rtexit$$00000004  c_w.l(rtexit2.o)
    0x08000276   0x08000276   0x00000002   PAD
    0x08000278   0x08000278   0x00000040   Code   RO          301  * .text               startup_stm32f10x_hd.o
    0x080002b8   0x080002b8   0x00000002   Code   RO         3658    .text               c_w.l(use_no_semi_2.o)
    0x080002ba   0x080002ba   0x00000002   PAD
    0x080002bc   0x080002bc   0x00000024   Code   RO         3660    .text               c_w.l(c89vsprintf.o)
    0x080002e0   0x080002e0   0x00000018   Code   RO         3662    .text               c_w.l(__2printf.o)
    0x080002f8   0x080002f8   0x0000002c   Code   RO         3664    .text               c_w.l(__2sprintf.o)
    0x08000324   0x08000324   0x0000004e   Code   RO         3672    .text               c_w.l(_printf_pad.o)
    0x08000372   0x08000372   0x00000002   PAD
    0x08000374   0x08000374   0x00000078   Code   RO         3674    .text               c_w.l(_printf_dec.o)
    0x080003ec   0x080003ec   0x00000188   Code   RO         3693    .text               c_w.l(__printf_flags_ss_wp.o)
    0x08000574   0x08000574   0x0000003e   Code   RO         3698    .text               c_w.l(strlen.o)
    0x080005b2   0x080005b2   0x00000006   Code   RO         3700    .text               c_w.l(heapauxi.o)
    0x080005b8   0x080005b8   0x00000002   Code   RO         3720    .text               c_w.l(use_no_semi.o)
    0x080005ba   0x080005ba   0x00000024   Code   RO         3723    .text               c_w.l(_printf_truncate.o)
    0x080005de   0x080005de   0x00000052   Code   RO         3725    .text               c_w.l(_printf_str.o)
    0x08000630   0x08000630   0x000000b2   Code   RO         3727    .text               c_w.l(_printf_intcommon.o)
    0x080006e2   0x080006e2   0x00000028   Code   RO         3729    .text               c_w.l(_printf_charcount.o)
    0x0800070a   0x0800070a   0x00000002   PAD
    0x0800070c   0x0800070c   0x00000030   Code   RO         3731    .text               c_w.l(_printf_char_common.o)
    0x0800073c   0x0800073c   0x0000000a   Code   RO         3733    .text               c_w.l(_sputc.o)
    0x08000746   0x08000746   0x00000002   PAD
    0x08000748   0x08000748   0x00000024   Code   RO         3735    .text               c_w.l(_printf_char_file.o)
    0x0800076c   0x0800076c   0x000000bc   Code   RO         3737    .text               c_w.l(_printf_wctomb.o)
    0x08000828   0x08000828   0x0000007c   Code   RO         3740    .text               c_w.l(_printf_longlong_dec.o)
    0x080008a4   0x080008a4   0x00000070   Code   RO         3746    .text               c_w.l(_printf_oct_int_ll.o)
    0x08000914   0x08000914   0x00000094   Code   RO         3766    .text               c_w.l(_printf_hex_int_ll_ptr.o)
    0x080009a8   0x080009a8   0x0000008a   Code   RO         3813    .text               c_w.l(lludiv10.o)
    0x08000a32   0x08000a32   0x0000041e   Code   RO         3815    .text               c_w.l(_printf_fp_dec.o)
    0x08000e50   0x08000e50   0x0000002c   Code   RO         3819    .text               c_w.l(_printf_char.o)
    0x08000e7c   0x08000e7c   0x0000002c   Code   RO         3821    .text               c_w.l(_printf_wchar.o)
    0x08000ea8   0x08000ea8   0x00000008   Code   RO         3823    .text               c_w.l(ferror.o)
    0x08000eb0   0x08000eb0   0x00000040   Code   RO         3827    .text               c_w.l(_wcrtomb.o)
    0x08000ef0   0x08000ef0   0x0000004a   Code   RO         3829    .text               c_w.l(sys_stackheap_outer.o)
    0x08000f3a   0x08000f3a   0x00000002   PAD
    0x08000f3c   0x08000f3c   0x00000010   Code   RO         3831    .text               c_w.l(rt_ctype_table.o)
    0x08000f4c   0x08000f4c   0x00000008   Code   RO         3836    .text               c_w.l(rt_locale_intlibspace.o)
    0x08000f54   0x08000f54   0x00000080   Code   RO         3838    .text               c_w.l(_printf_fp_infnan.o)
    0x08000fd4   0x08000fd4   0x000000e4   Code   RO         3840    .text               c_w.l(bigflt0.o)
    0x080010b8   0x080010b8   0x00000012   Code   RO         3868    .text               c_w.l(exit.o)
    0x080010ca   0x080010ca   0x00000002   PAD
    0x080010cc   0x080010cc   0x00000008   Code   RO         3880    .text               c_w.l(libspace.o)
    0x080010d4   0x080010d4   0x00000080   Code   RO         3888    .text               c_w.l(strcmpv7m.o)
    0x08001154   0x08001154   0x0000003e   Code   RO         3843    CL$$btod_d2e        c_w.l(btod.o)
    0x08001192   0x08001192   0x00000046   Code   RO         3845    CL$$btod_d2e_denorm_low  c_w.l(btod.o)
    0x080011d8   0x080011d8   0x00000060   Code   RO         3844    CL$$btod_d2e_norm_op1  c_w.l(btod.o)
    0x08001238   0x08001238   0x00000338   Code   RO         3853    CL$$btod_div_common  c_w.l(btod.o)
    0x08001570   0x08001570   0x000000dc   Code   RO         3850    CL$$btod_e2e        c_w.l(btod.o)
    0x0800164c   0x0800164c   0x0000002a   Code   RO         3847    CL$$btod_ediv       c_w.l(btod.o)
    0x08001676   0x08001676   0x0000002a   Code   RO         3846    CL$$btod_emul       c_w.l(btod.o)
    0x080016a0   0x080016a0   0x00000244   Code   RO         3852    CL$$btod_mult_common  c_w.l(btod.o)
    0x080018e4   0x080018e4   0x00000004   Code   RO            1    i.BusFault_Handler  stm32f10x_it.o
    0x080018e8   0x080018e8   0x00000018   Code   RO         1464    i.DMA_Cmd           stm32f10x_dma.o
    0x08001900   0x08001900   0x0000014c   Code   RO         1465    i.DMA_DeInit        stm32f10x_dma.o
    0x08001a4c   0x08001a4c   0x00000008   Code   RO         1466    i.DMA_GetCurrDataCounter  stm32f10x_dma.o
    0x08001a54   0x08001a54   0x0000003c   Code   RO         1470    i.DMA_Init          stm32f10x_dma.o
    0x08001a90   0x08001a90   0x00000004   Code   RO         1471    i.DMA_SetCurrDataCounter  stm32f10x_dma.o
    0x08001a94   0x08001a94   0x00000002   Code   RO            2    i.DebugMon_Handler  stm32f10x_it.o
    0x08001a96   0x08001a96   0x00000002   PAD
    0x08001a98   0x08001a98   0x000000ac   Code   RO            3    i.EXTI0_IRQHandler  stm32f10x_it.o
    0x08001b44   0x08001b44   0x0000000c   Code   RO         2224    i.EXTI_ClearITPendingBit  stm32f10x_exti.o
    0x08001b50   0x08001b50   0x00000028   Code   RO         2228    i.EXTI_GetITStatus  stm32f10x_exti.o
    0x08001b78   0x08001b78   0x00000094   Code   RO         2229    i.EXTI_Init         stm32f10x_exti.o
    0x08001c0c   0x08001c0c   0x0000004c   Code   RO         3455    i.EXTI_Key_Config   bsp_exti.o
    0x08001c58   0x08001c58   0x00000040   Code   RO          623    i.GPIO_EXTILineConfig  stm32f10x_gpio.o
    0x08001c98   0x08001c98   0x00000116   Code   RO          626    i.GPIO_Init         stm32f10x_gpio.o
    0x08001dae   0x08001dae   0x00000004   Code   RO          634    i.GPIO_SetBits      stm32f10x_gpio.o
    0x08001db2   0x08001db2   0x00000002   PAD
    0x08001db4   0x08001db4   0x00000094   Code   RO         3363    i.HC05_Get_Role     hc05.o
    0x08001e48   0x08001e48   0x00000058   Code   RO         3364    i.HC05_Init         hc05.o
    0x08001ea0   0x08001ea0   0x00000098   Code   RO         3365    i.HC05_Set_Cmd      hc05.o
    0x08001f38   0x08001f38   0x00000004   Code   RO            4    i.HardFault_Handler  stm32f10x_it.o
    0x08001f3c   0x08001f3c   0x00000050   Code   RO         3578    i.IIC_Ack           myiic.o
    0x08001f8c   0x08001f8c   0x00000040   Code   RO         3579    i.IIC_Init          myiic.o
    0x08001fcc   0x08001fcc   0x00000050   Code   RO         3580    i.IIC_NAck          myiic.o
    0x0800201c   0x0800201c   0x00000070   Code   RO         3582    i.IIC_Read_Byte     myiic.o
    0x0800208c   0x0800208c   0x00000068   Code   RO         3584    i.IIC_Send_Byte     myiic.o
    0x080020f4   0x080020f4   0x0000004c   Code   RO         3585    i.IIC_Start         myiic.o
    0x08002140   0x08002140   0x0000004c   Code   RO         3586    i.IIC_Stop          myiic.o
    0x0800218c   0x0800218c   0x00000064   Code   RO         3587    i.IIC_Wait_Ack      myiic.o
    0x080021f0   0x080021f0   0x00000004   Code   RO            5    i.MemManage_Handler  stm32f10x_it.o
    0x080021f4   0x080021f4   0x00000002   Code   RO            6    i.NMI_Handler       stm32f10x_it.o
    0x080021f6   0x080021f6   0x0000000c   Code   RO          331    i.NVIC_Configuration  sys.o
    0x08002202   0x08002202   0x0000002c   Code   RO         3456    i.NVIC_Configuration  bsp_exti.o
    0x0800222e   0x0800222e   0x00000002   PAD
    0x08002230   0x08002230   0x00000070   Code   RO          384    i.NVIC_Init         misc.o
    0x080022a0   0x080022a0   0x00000014   Code   RO          385    i.NVIC_PriorityGroupConfig  misc.o
    0x080022b4   0x080022b4   0x00000002   Code   RO            7    i.PendSV_Handler    stm32f10x_it.o
    0x080022b6   0x080022b6   0x00000002   PAD
    0x080022b8   0x080022b8   0x00000020   Code   RO          421    i.RCC_AHBPeriphClockCmd  stm32f10x_rcc.o
    0x080022d8   0x080022d8   0x00000020   Code   RO          422    i.RCC_APB1PeriphClockCmd  stm32f10x_rcc.o
    0x080022f8   0x080022f8   0x00000020   Code   RO          423    i.RCC_APB1PeriphResetCmd  stm32f10x_rcc.o
    0x08002318   0x08002318   0x00000020   Code   RO          424    i.RCC_APB2PeriphClockCmd  stm32f10x_rcc.o
    0x08002338   0x08002338   0x00000020   Code   RO          425    i.RCC_APB2PeriphResetCmd  stm32f10x_rcc.o
    0x08002358   0x08002358   0x000000d4   Code   RO          432    i.RCC_GetClocksFreq  stm32f10x_rcc.o
    0x0800242c   0x0800242c   0x00000002   Code   RO            8    i.SVC_Handler       stm32f10x_it.o
    0x0800242e   0x0800242e   0x00000008   Code   RO          164    i.SetSysClock       system_stm32f10x.o
    0x08002436   0x08002436   0x00000002   PAD
    0x08002438   0x08002438   0x000000e0   Code   RO          165    i.SetSysClockTo72   system_stm32f10x.o
    0x08002518   0x08002518   0x00000028   Code   RO          388    i.SysTick_CLKSourceConfig  misc.o
    0x08002540   0x08002540   0x00000002   Code   RO            9    i.SysTick_Handler   stm32f10x_it.o
    0x08002542   0x08002542   0x00000002   PAD
    0x08002544   0x08002544   0x00000060   Code   RO          167    i.SystemInit        system_stm32f10x.o
    0x080025a4   0x080025a4   0x00000030   Code   RO         3387    i.TIM4_IRQHandler   usart2.o
    0x080025d4   0x080025d4   0x00000058   Code   RO         3388    i.TIM4_Init         usart2.o
    0x0800262c   0x0800262c   0x00000028   Code   RO         3389    i.TIM4_Set          usart2.o
    0x08002654   0x08002654   0x00000006   Code   RO          745    i.TIM_ClearITPendingBit  stm32f10x_tim.o
    0x0800265a   0x0800265a   0x00000018   Code   RO          750    i.TIM_Cmd           stm32f10x_tim.o
    0x08002672   0x08002672   0x00000022   Code   RO          771    i.TIM_GetITStatus   stm32f10x_tim.o
    0x08002694   0x08002694   0x00000012   Code   RO          775    i.TIM_ITConfig      stm32f10x_tim.o
    0x080026a6   0x080026a6   0x00000004   Code   RO          815    i.TIM_SetCounter    stm32f10x_tim.o
    0x080026aa   0x080026aa   0x00000002   PAD
    0x080026ac   0x080026ac   0x000000a4   Code   RO          821    i.TIM_TimeBaseInit  stm32f10x_tim.o
    0x08002750   0x08002750   0x00000048   Code   RO         3390    i.UART_DMA_Config   usart2.o
    0x08002798   0x08002798   0x00000020   Code   RO         3391    i.UART_DMA_Enable   usart2.o
    0x080027b8   0x080027b8   0x00000088   Code   RO          343    i.USART1_IRQHandler  usart.o
    0x08002840   0x08002840   0x00000064   Code   RO         3392    i.USART2_IRQHandler  usart2.o
    0x080028a4   0x080028a4   0x000000f0   Code   RO         3393    i.USART2_Init       usart2.o
    0x08002994   0x08002994   0x00000018   Code   RO         1286    i.USART_Cmd         stm32f10x_usart.o
    0x080029ac   0x080029ac   0x00000012   Code   RO         1287    i.USART_DMACmd      stm32f10x_usart.o
    0x080029be   0x080029be   0x00000002   PAD
    0x080029c0   0x080029c0   0x0000009c   Code   RO         1288    i.USART_DeInit      stm32f10x_usart.o
    0x08002a5c   0x08002a5c   0x00000054   Code   RO         1290    i.USART_GetITStatus  stm32f10x_usart.o
    0x08002ab0   0x08002ab0   0x0000004a   Code   RO         1292    i.USART_ITConfig    stm32f10x_usart.o
    0x08002afa   0x08002afa   0x00000002   PAD
    0x08002afc   0x08002afc   0x000000d8   Code   RO         1293    i.USART_Init        stm32f10x_usart.o
    0x08002bd4   0x08002bd4   0x0000000a   Code   RO         1300    i.USART_ReceiveData  stm32f10x_usart.o
    0x08002bde   0x08002bde   0x00000004   Code   RO           10    i.UsageFault_Handler  stm32f10x_it.o
    0x08002be2   0x08002be2   0x00000028   Code   RO         3878    i.__ARM_fpclassify  m_ws.l(fpclassify.o)
    0x08002c0a   0x08002c0a   0x0000000e   Code   RO         3686    i._is_digit         c_w.l(__printf_wp.o)
    0x08002c18   0x08002c18   0x00000006   Code   RO          344    i._sys_exit         usart.o
    0x08002c1e   0x08002c1e   0x00000002   PAD
    0x08002c20   0x08002c20   0x00000044   Code   RO          305    i.delay_init        delay.o
    0x08002c64   0x08002c64   0x0000004c   Code   RO          306    i.delay_ms          delay.o
    0x08002cb0   0x08002cb0   0x0000004c   Code   RO          307    i.delay_us          delay.o
    0x08002cfc   0x08002cfc   0x0000001c   Code   RO          345    i.fputc             usart.o
    0x08002d18   0x08002d18   0x000003cc   Code   RO          198    i.heart             main.o
    0x080030e4   0x080030e4   0x000004a0   Code   RO          199    i.main              main.o
    0x08003584   0x08003584   0x00000052   Code   RO         3518    i.max30102_Bus_Read  max30102.o
    0x080035d6   0x080035d6   0x00000044   Code   RO         3519    i.max30102_Bus_Write  max30102.o
    0x0800361a   0x0800361a   0x00000080   Code   RO         3520    i.max30102_FIFO_ReadBytes  max30102.o
    0x0800369a   0x0800369a   0x00000002   PAD
    0x0800369c   0x0800369c   0x00000088   Code   RO         3522    i.max30102_init     max30102.o
    0x08003724   0x08003724   0x00000014   Code   RO         3523    i.max30102_reset    max30102.o
    0x08003738   0x08003738   0x00000042   Code   RO         3472    i.maxim_find_peaks  algorithm.o
    0x0800377a   0x0800377a   0x00000002   PAD
    0x0800377c   0x0800377c   0x00000500   Code   RO         3473    i.maxim_heart_rate_and_oxygen_saturation  algorithm.o
    0x08003c7c   0x08003c7c   0x0000007a   Code   RO         3474    i.maxim_peaks_above_min_height  algorithm.o
    0x08003cf6   0x08003cf6   0x00000072   Code   RO         3475    i.maxim_remove_close_peaks  algorithm.o
    0x08003d68   0x08003d68   0x00000036   Code   RO         3476    i.maxim_sort_ascend  algorithm.o
    0x08003d9e   0x08003d9e   0x00000040   Code   RO         3477    i.maxim_sort_indices_descend  algorithm.o
    0x08003dde   0x08003dde   0x00000002   PAD
    0x08003de0   0x08003de0   0x00000040   Code   RO         3394    i.u2_printf         usart2.o
    0x08003e20   0x08003e20   0x000000a8   Code   RO          346    i.uart_init         usart.o
    0x08003ec8   0x08003ec8   0x0000002c   Code   RO         3866    locale$$code        c_w.l(lc_numeric_c.o)
    0x08003ef4   0x08003ef4   0x0000002c   Code   RO         3886    locale$$code        c_w.l(lc_ctype_c.o)
    0x08003f20   0x08003f20   0x00000184   Code   RO         3705    x$fpl$fdiv          fz_ws.l(fdiv.o)
    0x080040a4   0x080040a4   0x00000036   Code   RO         3708    x$fpl$ffix          fz_ws.l(ffix.o)
    0x080040da   0x080040da   0x00000002   PAD
    0x080040dc   0x080040dc   0x00000026   Code   RO         3712    x$fpl$ffltu         fz_ws.l(fflt_clz.o)
    0x08004102   0x08004102   0x00000002   PAD
    0x08004104   0x08004104   0x00000102   Code   RO         3718    x$fpl$fmul          fz_ws.l(fmul.o)
    0x08004206   0x08004206   0x0000008c   Code   RO         3791    x$fpl$fnaninf       fz_ws.l(fnaninf.o)
    0x08004292   0x08004292   0x0000000a   Code   RO         3793    x$fpl$fretinf       fz_ws.l(fretinf.o)
    0x0800429c   0x0800429c   0x00000004   Code   RO         3795    x$fpl$printf1       fz_ws.l(printf1.o)
    0x080042a0   0x080042a0   0x00000000   Code   RO         3797    x$fpl$usenofp       fz_ws.l(usenofp.o)
    0x080042a0   0x080042a0   0x000000f6   Data   RO         3479    .constdata          algorithm.o
    0x08004396   0x08004396   0x00000011   Data   RO         3694    .constdata          c_w.l(__printf_flags_ss_wp.o)
    0x080043a7   0x080043a7   0x00000001   PAD
    0x080043a8   0x080043a8   0x00000008   Data   RO         3738    .constdata          c_w.l(_printf_wctomb.o)
    0x080043b0   0x080043b0   0x00000028   Data   RO         3767    .constdata          c_w.l(_printf_hex_int_ll_ptr.o)
    0x080043d8   0x080043d8   0x00000094   Data   RO         3841    .constdata          c_w.l(bigflt0.o)
    0x0800446c   0x0800446c   0x00000049   Data   RO          201    .conststring        main.o
    0x080044b5   0x080044b5   0x00000003   PAD
    0x080044b8   0x080044b8   0x00000020   Data   RO         4008    Region$$Table       anon$$obj.o
    0x080044d8   0x080044d8   0x0000001c   Data   RO         3865    locale$$data        c_w.l(lc_numeric_c.o)
    0x080044f4   0x080044f4   0x00000110   Data   RO         3885    locale$$data        c_w.l(lc_ctype_c.o)


    Execution Region ER_RW (Exec base: 0x20000000, Load base: 0x08004604, Size: 0x00000088, Max: 0xffffffff, ABSOLUTE)

    Exec Addr    Load Addr    Size         Type   Attr      Idx    E Section Name        Object

    0x20000000   0x08004604   0x00000014   Data   RW           11    .data               stm32f10x_it.o
    0x20000014   0x08004618   0x00000014   Data   RW          168    .data               system_stm32f10x.o
    0x20000028   0x0800462c   0x0000003d   Data   RW          202    .data               main.o
    0x20000065   0x08004669   0x00000001   PAD
    0x20000066   0x0800466a   0x00000004   Data   RW          308    .data               delay.o
    0x2000006a   0x0800466e   0x00000002   PAD
    0x2000006c   0x08004670   0x00000006   Data   RW          348    .data               usart.o
    0x20000072   0x08004676   0x00000014   Data   RW          452    .data               stm32f10x_rcc.o
    0x20000086   0x0800468a   0x00000002   Data   RW         3396    .data               usart2.o


    Execution Region ER_ZI (Exec base: 0x20000088, Load base: 0x0800468c, Size: 0x00003020, Max: 0xffffffff, ABSOLUTE)

    Exec Addr    Load Addr    Size         Type   Attr      Idx    E Section Name        Object

    0x20000088        -       0x00001004   Zero   RW          200    .bss                main.o
    0x2000108c        -       0x000000c8   Zero   RW          347    .bss                usart.o
    0x20001154   0x0800468c   0x00000004   PAD
    0x20001158        -       0x00000190   Zero   RW         3395    .bss                usart2.o
    0x200012e8        -       0x00001760   Zero   RW         3478    .bss                algorithm.o
    0x20002a48        -       0x00000060   Zero   RW         3881    .bss                c_w.l(libspace.o)
    0x20002aa8        -       0x00000200   Zero   RW          299    HEAP                startup_stm32f10x_hd.o
    0x20002ca8        -       0x00000400   Zero   RW          298    STACK               startup_stm32f10x_hd.o


==============================================================================

Image component sizes


      Code (inc. data)   RO Data    RW Data    ZI Data      Debug   Object Name

      1700         30        246          0       5984       7277   algorithm.o
       120          4          0          0          0       1042   bsp_exti.o
         0          0          0          0          0         32   core_cm3.o
       220         26          0          4          0       1655   delay.o
       388         52          0          0          0       2171   hc05.o
      2156        856         73         61       4100     208837   main.o
       434          6          0          0          0       3364   max30102.o
       172         22          0          0          0       1993   misc.o
       692        108          0          0          0       4102   myiic.o
        64         26        304          0       1536        800   startup_stm32f10x_hd.o
       428          8          0          0          0       4444   stm32f10x_dma.o
       200         18          0          0          0       2044   stm32f10x_exti.o
       346          4          0          0          0       3053   stm32f10x_gpio.o
       198         22          0         20          0      62279   stm32f10x_it.o
       372         50          0         20          0       6008   stm32f10x_rcc.o
       250         42          0          0          0       3975   stm32f10x_tim.o
       582         28          0          0          0       6076   stm32f10x_usart.o
        12          0          0          0          0        437   sys.o
       328         28          0         20          0       2005   system_stm32f10x.o
       338         28          0          6        200       4068   usart.o
       684         68          0          2        400       5871   usart2.o

    ----------------------------------------------------------------------
      9710       1426        658        136      12224     331533   Object Totals
         0          0         32          0          0          0   (incl. Generated)
        26          0          3          3          4          0   (incl. Padding)

    ----------------------------------------------------------------------

      Code (inc. data)   RO Data    RW Data    ZI Data      Debug   Library Member Name

        24          4          0          0          0         84   __2printf.o
        44          6          0          0          0         84   __2sprintf.o
         8          0          0          0          0         68   __main.o
       392          4         17          0          0         92   __printf_flags_ss_wp.o
        14          0          0          0          0         68   __printf_wp.o
         0          0          0          0          0          0   __rtentry.o
        12          0          0          0          0          0   __rtentry2.o
         6          0          0          0          0          0   __rtentry4.o
        52          8          0          0          0          0   __scatter.o
        26          0          0          0          0          0   __scatter_copy.o
        28          0          0          0          0          0   __scatter_zi.o
         6          0          0          0          0          0   _printf_a.o
         6          0          0          0          0          0   _printf_c.o
        44          0          0          0          0        108   _printf_char.o
        48          6          0          0          0         96   _printf_char_common.o
        36          4          0          0          0         80   _printf_char_file.o
        40          0          0          0          0         68   _printf_charcount.o
         6          0          0          0          0          0   _printf_d.o
       120         16          0          0          0         92   _printf_dec.o
         6          0          0          0          0          0   _printf_e.o
         6          0          0          0          0          0   _printf_f.o
      1054          0          0          0          0        216   _printf_fp_dec.o
       128         16          0          0          0         84   _printf_fp_infnan.o
         6          0          0          0          0          0   _printf_g.o
       148          4         40          0          0        160   _printf_hex_int_ll_ptr.o
         6          0          0          0          0          0   _printf_i.o
       178          0          0          0          0         88   _printf_intcommon.o
        10          0          0          0          0          0   _printf_l.o
         6          0          0          0          0          0   _printf_lc.o
        10          0          0          0          0          0   _printf_ll.o
         6          0          0          0          0          0   _printf_lld.o
         6          0          0          0          0          0   _printf_lli.o
         6          0          0          0          0          0   _printf_llo.o
         6          0          0          0          0          0   _printf_llu.o
         6          0          0          0          0          0   _printf_llx.o
       124         16          0          0          0         92   _printf_longlong_dec.o
         6          0          0          0          0          0   _printf_ls.o
         6          0          0          0          0          0   _printf_n.o
         6          0          0          0          0          0   _printf_o.o
       112         10          0          0          0        124   _printf_oct_int_ll.o
         6          0          0          0          0          0   _printf_p.o
        78          0          0          0          0        108   _printf_pad.o
         0          0          0          0          0          0   _printf_percent.o
         4          0          0          0          0          0   _printf_percent_end.o
         6          0          0          0          0          0   _printf_s.o
        82          0          0          0          0         80   _printf_str.o
        36          0          0          0          0         84   _printf_truncate.o
         6          0          0          0          0          0   _printf_u.o
        44          0          0          0          0        108   _printf_wchar.o
       188          6          8          0          0         92   _printf_wctomb.o
         6          0          0          0          0          0   _printf_x.o
        10          0          0          0          0         68   _sputc.o
        64          0          0          0          0         92   _wcrtomb.o
       228          4        148          0          0         96   bigflt0.o
      1936        128          0          0          0        672   btod.o
        36          4          0          0          0         76   c89vsprintf.o
        18          0          0          0          0         80   exit.o
         8          0          0          0          0         68   ferror.o
         6          0          0          0          0        152   heapauxi.o
        44         10        272          0          0         76   lc_ctype_c.o
        44         10         28          0          0         76   lc_numeric_c.o
         2          0          0          0          0          0   libinit.o
        30          0          0          0          0          0   libinit2.o
         2          0          0          0          0          0   libshutdown.o
         2          0          0          0          0          0   libshutdown2.o
         8          4          0          0         96         68   libspace.o
       138          0          0          0          0         80   lludiv10.o
        16          4          0          0          0         76   rt_ctype_table.o
         8          4          0          0          0         68   rt_locale_intlibspace.o
         2          0          0          0          0          0   rtexit.o
        10          0          0          0          0          0   rtexit2.o
       128          0          0          0          0         68   strcmpv7m.o
        62          0          0          0          0         76   strlen.o
        74          0          0          0          0         80   sys_stackheap_outer.o
         2          0          0          0          0         68   use_no_semi.o
         2          0          0          0          0         68   use_no_semi_2.o
       388         76          0          0          0         96   fdiv.o
        54          4          0          0          0         84   ffix.o
        38          0          0          0          0         68   fflt_clz.o
       258          4          0          0          0         84   fmul.o
       140          4          0          0          0         84   fnaninf.o
        10          0          0          0          0         68   fretinf.o
         4          0          0          0          0         68   printf1.o
         0          0          0          0          0          0   usenofp.o
        40          0          0          0          0         68   fpclassify.o

    ----------------------------------------------------------------------
      7042        356        514          0         96       4804   Library Totals
        20          0          1          0          0          0   (incl. Padding)

    ----------------------------------------------------------------------

      Code (inc. data)   RO Data    RW Data    ZI Data      Debug   Library Name

      6090        268        513          0         96       4184   c_w.l
       892         88          0          0          0        552   fz_ws.l
        40          0          0          0          0         68   m_ws.l

    ----------------------------------------------------------------------
      7042        356        514          0         96       4804   Library Totals

    ----------------------------------------------------------------------

==============================================================================


      Code (inc. data)   RO Data    RW Data    ZI Data      Debug   

     16752       1782       1172        136      12320     329261   Grand Totals
     16752       1782       1172        136      12320     329261   ELF Image Totals
     16752       1782       1172        136          0          0   ROM Totals

==============================================================================

    Total RO  Size (Code + RO Data)                17924 (  17.50kB)
    Total RW  Size (RW Data + ZI Data)             12456 (  12.16kB)
    Total ROM Size (Code + RO Data + RW Data)      18060 (  17.64kB)

==============================================================================

