<html>
<body>
<pre>
<h1>礦ision Build Log</h1>
<h2>Tool Versions:</h2>
IDE-Version: μVision V5.30.0.0
Copyright (C) 2020 ARM Ltd and ARM Germany GmbH. All rights reserved.
License Information: herui herui, herui, LIC=VGX63-AZGC3-8FAIE-5AFJA-XZRPJ-2IW6W
 
Tool Versions:
Toolchain:       MDK-ARM Plus  Version: 5.30.0.0
Toolchain Path:  H:\Program\keil5\ARM\ARMCC\Bin
C Compiler:      Armcc.exe V5.06 update 6 (build 750)
Assembler:       Armasm.exe V5.06 update 6 (build 750)
Linker/Locator:  ArmLink.exe V5.06 update 6 (build 750)
Library Manager: ArmAr.exe V5.06 update 6 (build 750)
Hex Converter:   FromElf.exe V5.06 update 6 (build 750)
CPU DLL:         SARMCM3.DLL V5.30.0.0
Dialog DLL:      DCM.DLL V1.17.3.0
Target DLL:      Segger\JL2CM3.dll V2.99.38.0
Dialog DLL:      TCM.DLL V1.42.0.0
 
<h2>Project:</h2>
H:\闲鱼给卖家\客户五\蓝牙（SPP）\USER\Template.uvprojx
Project File Date:  04/13/2022

<h2>Output:</h2>
*** Using Compiler 'V5.06 update 6 (build 750)', folder: 'H:\Program\keil5\ARM\ARMCC\Bin'
Build target 'Template'
compiling main.c...
..\HARDWARE\HC05\hc05.h(22): warning:  #1-D: last line of file ends without a newline
  #endif
main.c(66): warning:  #223-D: function "USART2_Init" declared implicitly
  	USART2_Init(9600);	//初始化串口2为:9600,波特率.
main.c(57): warning:  #177-D: variable "t"  was declared but never referenced
  	u8 t;
main.c(58): warning:  #177-D: variable "key"  was declared but never referenced
  	u8 key;
main.c(59): warning:  #177-D: variable "sendmask"  was declared but never referenced
  	u8 sendmask=0;
main.c(60): warning:  #177-D: variable "sendcnt"  was declared but never referenced
  	u8 sendcnt=0;
main.c(61): warning:  #177-D: variable "sendbuf"  was declared but never referenced
  	u8 sendbuf[20];	  
main.c: 7 warnings, 0 errors
linking...
Program Size: Code=16752 RO-data=1172 RW-data=136 ZI-data=12320  
".\Objects\Template.axf" - 0 Error(s), 7 Warning(s).

<h2>Software Packages used:</h2>

Package Vendor: Keil
                http://www.keil.com/pack/Keil.STM32F1xx_DFP.2.3.0.pack
                Keil.STM32F1xx_DFP.2.3.0
                STMicroelectronics STM32F1 Series Device Support, Drivers and Examples

<h2>Collection of Component include folders:</h2>
  .\RTE\_Template
  H:\Program\keil5\pack\Keil\STM32F1xx_DFP\2.3.0\Device\Include

<h2>Collection of Component Files used:</h2>
Build Time Elapsed:  00:00:00
</pre>
</body>
</html>
